###############################################################################
#
# IAR ELF Linker V8.50.9.278/W32 for ARM                  08/Jan/2021  01:05:20
# Copyright 2007-2020 IAR Systems AB.
#
#    Output file  =
#        C:\Users\prair\Documents\embeddedlessons\lesson14\Debug\Exe\project.out
#    Map file     =
#        C:\Users\prair\Documents\embeddedlessons\lesson14\Debug\List\project.map
#    Command line =
#        -f C:\Users\prair\AppData\Local\Temp\EW2DDC.tmp
#        (C:\Users\prair\Documents\embeddedlessons\lesson14\Debug\Obj\delay.o
#        C:\Users\prair\Documents\embeddedlessons\lesson14\Debug\Obj\main.o
#        C:\Users\prair\Documents\embeddedlessons\lesson14\Debug\Obj\startup_tm4c.o
#        --no_out_extension -o
#        C:\Users\prair\Documents\embeddedlessons\lesson14\Debug\Exe\project.out
#        --redirect _Printf=_PrintfFullNoMb --redirect _Scanf=_ScanfFullNoMb
#        --map
#        C:\Users\prair\Documents\embeddedlessons\lesson14\Debug\List\project.map
#        --config "C:\Program Files (x86)\IAR Systems\Embedded Workbench
#        8.4\arm\config\linker\TexasInstruments\LM4F120H5QR.icf" --semihosting
#        --entry __iar_program_start --vfe --text_out locale)
#
###############################################################################

*******************************************************************************
*** RUNTIME MODEL ATTRIBUTES
***

CppFlavor       = *
__SystemLibrary = DLib
__dlib_version  = 6


*******************************************************************************
*** HEAP SELECTION
***

The basic heap was selected because some modules are built with
size limitations (and not runtime checking), and --advanced_heap
was not specified.


*******************************************************************************
*** PLACEMENT SUMMARY
***

"A0":  place at address 0x0 { ro section .intvec };
"P1":  place in [from 0x0 to 0x3'ffff] { ro };
define block CSTACK with size = 2K, alignment = 8 { };
define block HEAP with size = 8K, alignment = 8 { };
"P2":  place in [from 0x2000'0000 to 0x2000'7fff] {
          rw, block CSTACK, block HEAP };

  Section          Kind         Address   Size  Object
  -------          ----         -------   ----  ------
"A0":                                      0x8
  .intvec          const            0x0    0x8  startup_tm4c.o [1]
                                  - 0x8    0x8

"P1":                                    0x1a4
  .text            ro code          0x8   0xb4  main.o [1]
  .text            ro code         0xbc   0x18  delay.o [1]
  .text            ro code         0xd4   0x3a  zero_init3.o [3]
  .text            ro code        0x110   0x28  data_init.o [3]
  .iar.init_table  const          0x138   0x10  - Linker created -
  .text            ro code        0x148   0x1e  cmain.o [3]
  .text            ro code        0x166    0x4  low_level_init.o [2]
  .text            ro code        0x16a    0x4  exit.o [2]
  .text            ro code        0x170    0xa  cexit.o [3]
  .text            ro code        0x17c   0x14  exit.o [4]
  .text            ro code        0x190   0x1c  cstartup_M.o [3]
  .rodata          const          0x1ac    0x0  zero_init3.o [3]
                                - 0x1ac  0x1a4

"P2":                                     0x24
  .bss             zero     0x2000'0000    0xc  main.o [1]
  .bss             zero     0x2000'000c    0x8  main.o [1]
  .bss             zero     0x2000'0014    0x8  main.o [1]
  .bss             zero     0x2000'001c    0x4  main.o [1]
  .bss             zero     0x2000'0020    0x4  main.o [1]
                          - 0x2000'0024   0x24

Unused ranges:

         From           To      Size
         ----           --      ----
        0x1ac     0x3'ffff  0x3'fe54
  0x2000'0024  0x2000'7fff    0x7fdc


*******************************************************************************
*** INIT TABLE
***

          Address      Size
          -------      ----
Zero (__iar_zero_init3)
    1 destination range, total size 0x24:
          0x2000'0000  0x24



*******************************************************************************
*** MODULE SUMMARY
***

    Module            ro code  ro data  rw data
    ------            -------  -------  -------
command line/config:
    -------------------------------------------
    Total:

C:\Users\prair\Documents\embeddedlessons\lesson14\Debug\Obj: [1]
    delay.o                24
    main.o                180                36
    startup_tm4c.o                   8
    -------------------------------------------
    Total:                204        8       36

dl7M_tln.a: [2]
    exit.o                  4
    low_level_init.o        4
    -------------------------------------------
    Total:                  8

rt7M_tl.a: [3]
    cexit.o                10
    cmain.o                30
    cstartup_M.o           28
    data_init.o            40
    zero_init3.o           58
    -------------------------------------------
    Total:                166

shb_l.a: [4]
    exit.o                 20
    -------------------------------------------
    Total:                 20

    Gaps                    6
    Linker created                  16
-----------------------------------------------
    Grand Total:          404       24       36


*******************************************************************************
*** ENTRY LIST
***

Entry                       Address  Size  Type      Object
-----                       -------  ----  ----      ------
.iar.init_table$$Base         0x138         --   Gb  - Linker created -
.iar.init_table$$Limit        0x148         --   Gb  - Linker created -
?main                         0x149        Code  Gb  cmain.o [3]
Region$$Table$$Base           0x138         --   Gb  - Linker created -
Region$$Table$$Limit          0x148         --   Gb  - Linker created -
__cmain                       0x149        Code  Gb  cmain.o [3]
__exit                        0x17d  0x14  Code  Gb  exit.o [4]
__iar_data_init3              0x111  0x28  Code  Gb  data_init.o [3]
__iar_program_start           0x191        Code  Gb  cstartup_M.o [3]
__iar_zero_init3               0xd5  0x3a  Code  Gb  zero_init3.o [3]
__low_level_init              0x167   0x4  Code  Gb  low_level_init.o [2]
__vector_table                  0x0   0x8  Data  Gb  startup_tm4c.o [1]
_call_main                    0x155        Code  Gb  cmain.o [3]
_exit                         0x171        Code  Gb  cexit.o [3]
_main                         0x15f        Code  Gb  cmain.o [3]
delay                          0xbd  0x18  Code  Gb  delay.o [1]
exit                          0x16b   0x4  Code  Gb  exit.o [2]
main                            0x9  0xb4  Code  Gb  main.o [1]
p1                      0x2000'001c   0x4  Data  Gb  main.o [1]
p2                      0x2000'0020   0x4  Data  Gb  main.o [1]
t                       0x2000'0000   0xc  Data  Gb  main.o [1]
w                       0x2000'000c   0x8  Data  Gb  main.o [1]
w2                      0x2000'0014   0x8  Data  Gb  main.o [1]


[1] = C:\Users\prair\Documents\embeddedlessons\lesson14\Debug\Obj
[2] = dl7M_tln.a
[3] = rt7M_tl.a
[4] = shb_l.a

  404 bytes of readonly  code memory
   24 bytes of readonly  data memory
   36 bytes of readwrite data memory

Errors: none
Warnings: none
