Component: ARM Compiler 5.06 update 7 (build 960) Tool: armlink [4d3601]

==============================================================================

Section Cross References

    bsp.o(i.BSP_init) refers to qxk_mutex.o(i.QXMutex_init) for QXMutex_init
    bsp.o(i.BSP_init) refers to bsp.o(.data) for Morse_mutex
    bsp.o(i.BSP_ledBlueToggle) refers to bsp.o(i.QF_set_BASEPRI) for QF_set_BASEPRI
    bsp.o(i.BSP_ledGreenToggle) refers to bsp.o(i.QF_set_BASEPRI) for QF_set_BASEPRI
    bsp.o(i.BSP_sendMorseCode) refers to qxk_mutex.o(i.QXMutex_lock) for QXMutex_lock
    bsp.o(i.BSP_sendMorseCode) refers to bsp.o(i.BSP_ledGreenOn) for BSP_ledGreenOn
    bsp.o(i.BSP_sendMorseCode) refers to bsp.o(i.BSP_ledGreenOff) for BSP_ledGreenOff
    bsp.o(i.BSP_sendMorseCode) refers to qxk_mutex.o(i.QXMutex_unlock) for QXMutex_unlock
    bsp.o(i.BSP_sendMorseCode) refers to bsp.o(.data) for Morse_mutex
    bsp.o(i.GPIOPortF_IRQHandler) refers to qxk_sema.o(i.QXSemaphore_signal) for QXSemaphore_signal
    bsp.o(i.GPIOPortF_IRQHandler) refers to bsp.o(i.QF_set_BASEPRI) for QF_set_BASEPRI
    bsp.o(i.GPIOPortF_IRQHandler) refers to qxk.o(i.QXK_sched_) for QXK_sched_
    bsp.o(i.GPIOPortF_IRQHandler) refers to main.o(.data) for SW1_sema
    bsp.o(i.QF_onStartup) refers to system_tm4c123gh6pm.o(i.SystemCoreClockUpdate) for SystemCoreClockUpdate
    bsp.o(i.QF_onStartup) refers to bsp.o(i.__NVIC_SetPriority) for __NVIC_SetPriority
    bsp.o(i.QF_onStartup) refers to system_tm4c123gh6pm.o(.data) for SystemCoreClock
    bsp.o(i.SysTick_Handler) refers to qf_time.o(i.QF_tickX_) for QF_tickX_
    bsp.o(i.SysTick_Handler) refers to bsp.o(i.QF_set_BASEPRI) for QF_set_BASEPRI
    bsp.o(i.SysTick_Handler) refers to qxk.o(i.QXK_sched_) for QXK_sched_
    main.o(i.main) refers to qxk.o(i.QF_init) for QF_init
    main.o(i.main) refers to bsp.o(i.BSP_init) for BSP_init
    main.o(i.main) refers to qxk_sema.o(i.QXSemaphore_init) for QXSemaphore_init
    main.o(i.main) refers to qxk_xthr.o(i.QXThread_ctor) for QXThread_ctor
    main.o(i.main) refers to bsp.o(i.Q_onAssert) for Q_onAssert
    main.o(i.main) refers to qxk.o(i.QF_run) for QF_run
    main.o(i.main) refers to main.o(.data) for SW1_sema
    main.o(i.main) refers to main.o(i.main_blinky1) for main_blinky1
    main.o(i.main) refers to main.o(.bss) for blinky1
    main.o(i.main) refers to main.o(.constdata) for Q_this_module_
    main.o(i.main) refers to main.o(i.main_blinky2) for main_blinky2
    main.o(i.main) refers to main.o(i.main_blinky3) for main_blinky3
    main.o(i.main_blinky1) refers to bsp.o(i.BSP_sendMorseCode) for BSP_sendMorseCode
    main.o(i.main_blinky1) refers to qxk_xthr.o(i.QXThread_delay) for QXThread_delay
    main.o(i.main_blinky2) refers to qxk_sema.o(i.QXSemaphore_wait) for QXSemaphore_wait
    main.o(i.main_blinky2) refers to bsp.o(i.BSP_ledBlueToggle) for BSP_ledBlueToggle
    main.o(i.main_blinky2) refers to main.o(.data) for SW1_sema
    main.o(i.main_blinky3) refers to bsp.o(i.BSP_sendMorseCode) for BSP_sendMorseCode
    main.o(i.main_blinky3) refers to qxk_xthr.o(i.QXThread_delay) for QXThread_delay
    system_tm4c123gh6pm.o(i.SystemCoreClockUpdate) refers to system_tm4c123gh6pm.o(i.getOscClk) for getOscClk
    system_tm4c123gh6pm.o(i.SystemCoreClockUpdate) refers to system_tm4c123gh6pm.o(.data) for SystemCoreClock
    startup_tm4c123gh6pm.o(STACK) refers (Special) to heapauxi.o(.text) for __use_two_region_memory
    startup_tm4c123gh6pm.o(HEAP) refers (Special) to heapauxi.o(.text) for __use_two_region_memory
    startup_tm4c123gh6pm.o(RESET) refers (Special) to heapauxi.o(.text) for __use_two_region_memory
    startup_tm4c123gh6pm.o(RESET) refers to startup_tm4c123gh6pm.o(STACK) for __initial_sp
    startup_tm4c123gh6pm.o(RESET) refers to startup_tm4c123gh6pm.o(.text) for Reset_Handler
    startup_tm4c123gh6pm.o(RESET) refers to qxk_port.o(.emb_text) for NMI_Handler
    startup_tm4c123gh6pm.o(RESET) refers to bsp.o(i.SysTick_Handler) for SysTick_Handler
    startup_tm4c123gh6pm.o(RESET) refers to bsp.o(i.GPIOPortF_IRQHandler) for GPIOPortF_IRQHandler
    startup_tm4c123gh6pm.o(.text) refers (Special) to heapauxi.o(.text) for __use_two_region_memory
    startup_tm4c123gh6pm.o(.text) refers to bsp.o(i.Q_onAssert) for Q_onAssert
    startup_tm4c123gh6pm.o(.text) refers to system_tm4c123gh6pm.o(i.SystemInit) for SystemInit
    startup_tm4c123gh6pm.o(.text) refers to __main.o(!!!main) for __main
    startup_tm4c123gh6pm.o(.text) refers to startup_tm4c123gh6pm.o(HEAP) for __heap_base
    startup_tm4c123gh6pm.o(.text) refers to startup_tm4c123gh6pm.o(STACK) for __stack_limit
    qep_hsm.o(i.QHsm_childState_) refers to bsp.o(i.Q_onAssert) for Q_onAssert
    qep_hsm.o(i.QHsm_childState_) refers to qep_hsm.o(.constdata) for QEP_reservedEvt_
    qep_hsm.o(i.QHsm_ctor) refers to qep_hsm.o(.constdata) for vtable
    qep_hsm.o(i.QHsm_ctor) refers to qep_hsm.o(i.QHsm_top) for QHsm_top
    qep_hsm.o(i.QHsm_dispatch_) refers to bsp.o(i.Q_onAssert) for Q_onAssert
[...]
    libinit.o(.ARM.Collect$$libinit$$00000000) refers (Special) to libinit2.o(.ARM.Collect$$libinit$$00000013) for __rt_lib_init_lc_ctype_1
    libinit.o(.ARM.Collect$$libinit$$00000000) refers (Special) to libinit2.o(.ARM.Collect$$libinit$$00000015) for __rt_lib_init_lc_monetary_1
    libinit.o(.ARM.Collect$$libinit$$00000000) refers (Special) to libinit2.o(.ARM.Collect$$libinit$$00000017) for __rt_lib_init_lc_numeric_1
    libinit.o(.ARM.Collect$$libinit$$00000000) refers (Special) to libinit2.o(.ARM.Collect$$libinit$$00000019) for __rt_lib_init_lc_time_1
    libinit.o(.ARM.Collect$$libinit$$00000000) refers (Special) to libinit2.o(.ARM.Collect$$libinit$$00000004) for __rt_lib_init_preinit_1
    libinit.o(.ARM.Collect$$libinit$$00000000) refers (Special) to libinit2.o(.ARM.Collect$$libinit$$0000000E) for __rt_lib_init_rand_1
    libinit.o(.ARM.Collect$$libinit$$00000000) refers (Special) to libinit2.o(.ARM.Collect$$libinit$$00000033) for __rt_lib_init_return
    libinit.o(.ARM.Collect$$libinit$$00000000) refers (Special) to libinit2.o(.ARM.Collect$$libinit$$0000001D) for __rt_lib_init_signal_1
    libinit.o(.ARM.Collect$$libinit$$00000000) refers (Special) to libinit2.o(.ARM.Collect$$libinit$$00000025) for __rt_lib_init_stdio_1
    libinit.o(.ARM.Collect$$libinit$$00000000) refers (Special) to libinit2.o(.ARM.Collect$$libinit$$0000000C) for __rt_lib_init_user_alloc_1
    libspace.o(.text) refers to libspace.o(.bss) for __libspace_start
    rtexit.o(.ARM.Collect$$rtexit$$00000000) refers (Special) to rtexit2.o(.ARM.Collect$$rtexit$$00000004) for __rt_exit_exit
    rtexit.o(.ARM.Collect$$rtexit$$00000000) refers (Special) to rtexit2.o(.ARM.Collect$$rtexit$$00000003) for __rt_exit_ls
    rtexit.o(.ARM.Collect$$rtexit$$00000000) refers (Special) to rtexit2.o(.ARM.Collect$$rtexit$$00000002) for __rt_exit_prels_1
    rtexit.o(.ARM.exidx) refers (Special) to rtexit2.o(.ARM.Collect$$rtexit$$00000004) for __rt_exit_exit
    rtexit.o(.ARM.exidx) refers (Special) to rtexit2.o(.ARM.Collect$$rtexit$$00000003) for __rt_exit_ls
    rtexit.o(.ARM.exidx) refers (Special) to rtexit2.o(.ARM.Collect$$rtexit$$00000002) for __rt_exit_prels_1
    rtexit.o(.ARM.exidx) refers to rtexit.o(.ARM.Collect$$rtexit$$00000000) for .ARM.Collect$$rtexit$$00000000
    libinit2.o(.ARM.Collect$$libinit$$00000010) refers to libinit2.o(.ARM.Collect$$libinit$$0000000F) for .ARM.Collect$$libinit$$0000000F
    libinit2.o(.ARM.Collect$$libinit$$00000012) refers to libinit2.o(.ARM.Collect$$libinit$$0000000F) for .ARM.Collect$$libinit$$0000000F
    libinit2.o(.ARM.Collect$$libinit$$00000014) refers to libinit2.o(.ARM.Collect$$libinit$$0000000F) for .ARM.Collect$$libinit$$0000000F
    libinit2.o(.ARM.Collect$$libinit$$00000016) refers to libinit2.o(.ARM.Collect$$libinit$$0000000F) for .ARM.Collect$$libinit$$0000000F
    libinit2.o(.ARM.Collect$$libinit$$00000018) refers to libinit2.o(.ARM.Collect$$libinit$$0000000F) for .ARM.Collect$$libinit$$0000000F
    libinit2.o(.ARM.Collect$$libinit$$00000026) refers to argv_veneer.o(.emb_text) for __ARM_argv_veneer
    libinit2.o(.ARM.Collect$$libinit$$00000027) refers to argv_veneer.o(.emb_text) for __ARM_argv_veneer
    rtexit2.o(.ARM.Collect$$rtexit$$00000003) refers to libshutdown.o(.ARM.Collect$$libshutdown$$00000000) for __rt_lib_shutdown
    rtexit2.o(.ARM.Collect$$rtexit$$00000004) refers to sys_exit.o(.text) for _sys_exit
    rtexit2.o(.ARM.exidx) refers to rtexit2.o(.ARM.Collect$$rtexit$$00000001) for .ARM.Collect$$rtexit$$00000001
    rtexit2.o(.ARM.exidx) refers to rtexit2.o(.ARM.Collect$$rtexit$$00000003) for .ARM.Collect$$rtexit$$00000003
    rtexit2.o(.ARM.exidx) refers to rtexit2.o(.ARM.Collect$$rtexit$$00000004) for .ARM.Collect$$rtexit$$00000004
    argv_veneer.o(.emb_text) refers to no_argv.o(.text) for __ARM_get_argv
    sys_exit.o(.text) refers (Special) to use_no_semi.o(.text) for __I$use$semihosting
    sys_exit.o(.text) refers (Special) to indicate_semi.o(.text) for __semihosting_library_function
    _get_argv_nomalloc.o(.text) refers (Special) to hrguard.o(.text) for __heap_region$guard
    _get_argv_nomalloc.o(.text) refers to defsig_rtmem_outer.o(.text) for __rt_SIGRTMEM
    _get_argv_nomalloc.o(.text) refers to sys_command.o(.text) for _sys_command_string
    libshutdown.o(.ARM.Collect$$libshutdown$$00000000) refers (Special) to libshutdown2.o(.ARM.Collect$$libshutdown$$00000004) for __rt_lib_shutdown_cpp_1
    libshutdown.o(.ARM.Collect$$libshutdown$$00000000) refers (Special) to libshutdown2.o(.ARM.Collect$$libshutdown$$00000002) for __rt_lib_shutdown_fini_1
    libshutdown.o(.ARM.Collect$$libshutdown$$00000000) refers (Special) to libshutdown2.o(.ARM.Collect$$libshutdown$$00000009) for __rt_lib_shutdown_fp_trap_1
    libshutdown.o(.ARM.Collect$$libshutdown$$00000000) refers (Special) to libshutdown2.o(.ARM.Collect$$libshutdown$$00000011) for __rt_lib_shutdown_heap_1
    libshutdown.o(.ARM.Collect$$libshutdown$$00000000) refers (Special) to libshutdown2.o(.ARM.Collect$$libshutdown$$00000012) for __rt_lib_shutdown_return
    libshutdown.o(.ARM.Collect$$libshutdown$$00000000) refers (Special) to libshutdown2.o(.ARM.Collect$$libshutdown$$0000000C) for __rt_lib_shutdown_signal_1
    libshutdown.o(.ARM.Collect$$libshutdown$$00000000) refers (Special) to libshutdown2.o(.ARM.Collect$$libshutdown$$00000006) for __rt_lib_shutdown_stdio_1
    libshutdown.o(.ARM.Collect$$libshutdown$$00000000) refers (Special) to libshutdown2.o(.ARM.Collect$$libshutdown$$0000000E) for __rt_lib_shutdown_user_alloc_1
    sys_command.o(.text) refers (Special) to use_no_semi.o(.text) for __I$use$semihosting
    sys_command.o(.text) refers (Special) to indicate_semi.o(.text) for __semihosting_library_function
    defsig_rtmem_outer.o(.text) refers to defsig_rtmem_inner.o(.text) for __rt_SIGRTMEM_inner
    defsig_rtmem_outer.o(.text) refers to defsig_exit.o(.text) for __sig_exit
    defsig_rtmem_formal.o(.text) refers to rt_raise.o(.text) for __rt_raise
    rt_raise.o(.text) refers to __raise.o(.text) for __raise
    rt_raise.o(.text) refers to sys_exit.o(.text) for _sys_exit
    defsig_exit.o(.text) refers to sys_exit.o(.text) for _sys_exit
    defsig_rtmem_inner.o(.text) refers to defsig_general.o(.text) for __default_signal_display
    __raise.o(.text) refers to defsig.o(CL$$defsig) for __default_signal_handler
    defsig_general.o(.text) refers to sys_wrch.o(.text) for _ttywrch
    sys_wrch.o(.text) refers (Special) to use_no_semi.o(.text) for __I$use$semihosting
    sys_wrch.o(.text) refers (Special) to indicate_semi.o(.text) for __semihosting_library_function
    defsig.o(CL$$defsig) refers to defsig_rtmem_inner.o(.text) for __rt_SIGRTMEM_inner
    defsig_abrt_inner.o(.text) refers to defsig_general.o(.text) for __default_signal_display
    defsig_fpe_inner.o(.text) refers to defsig_general.o(.text) for __default_signal_display
    defsig_rtred_inner.o(.text) refers to defsig_general.o(.text) for __default_signal_display
    defsig_stak_inner.o(.text) refers to defsig_general.o(.text) for __default_signal_display
    defsig_pvfn_inner.o(.text) refers to defsig_general.o(.text) for __default_signal_display
    defsig_cppl_inner.o(.text) refers to defsig_general.o(.text) for __default_signal_display
    defsig_segv_inner.o(.text) refers to defsig_general.o(.text) for __default_signal_display
    defsig_other.o(.text) refers to defsig_general.o(.text) for __default_signal_display


==============================================================================

Removing Unused input sections from the image.

    Removing bsp.o(.rev16_text), (4 bytes).
    Removing bsp.o(.revsh_text), (4 bytes).
    Removing bsp.o(.rrx_text), (6 bytes).
    Removing bsp.o(i.BSP_ledBlueOff), (12 bytes).
    Removing bsp.o(i.BSP_ledBlueOn), (12 bytes).
    Removing bsp.o(i.BSP_ledGreenToggle), (60 bytes).
    Removing bsp.o(i.BSP_ledRedOff), (12 bytes).
    Removing bsp.o(i.BSP_ledRedOn), (12 bytes).
    Removing bsp.o(i.QF_onCleanup), (2 bytes).
    Removing main.o(.rev16_text), (4 bytes).
    Removing main.o(.revsh_text), (4 bytes).
    Removing main.o(.rrx_text), (6 bytes).
    Removing system_tm4c123gh6pm.o(.rev16_text), (4 bytes).
    Removing system_tm4c123gh6pm.o(.revsh_text), (4 bytes).
    Removing system_tm4c123gh6pm.o(.rrx_text), (6 bytes).
    Removing qep_hsm.o(i.QHsm_childState_), (84 bytes).
    Removing qep_hsm.o(i.QHsm_isIn), (76 bytes).
    Removing qep_msm.o(i.QMsm_childStateObj_), (68 bytes).
    Removing qep_msm.o(i.QMsm_ctor), (20 bytes).
    Removing qep_msm.o(i.QMsm_dispatch_), (284 bytes).
    Removing qep_msm.o(i.QMsm_enterHistory_), (104 bytes).
    Removing qep_msm.o(i.QMsm_execTatbl_), (68 bytes).
    Removing qep_msm.o(i.QMsm_exitToTranSource_), (56 bytes).
    Removing qep_msm.o(i.QMsm_init_), (88 bytes).
    Removing qep_msm.o(i.QMsm_isInState), (30 bytes).
    Removing qep_msm.o(.constdata), (36 bytes).
    Removing qf_act.o(i.QF_remove_), (88 bytes).
    Removing qf_actq.o(i.QF_getQueueMin), (80 bytes).
    Removing qf_actq.o(i.QTicker_ctor), (28 bytes).
    Removing qf_defer.o(i.QActive_defer), (32 bytes).
    Removing qf_defer.o(i.QActive_flushDeferred), (54 bytes).
    Removing qf_defer.o(i.QActive_recall), (120 bytes).
    Removing qf_defer.o(.constdata), (9 bytes).
    Removing qf_dyn.o(i.QF_deleteRef_), (14 bytes).
    Removing qf_dyn.o(i.QF_newRef_), (72 bytes).
    Removing qf_dyn.o(i.QF_newX_), (152 bytes).
    Removing qf_dyn.o(i.QF_poolGetMaxBlockSize), (28 bytes).
    Removing qf_dyn.o(i.QF_poolInit), (112 bytes).
    Removing qf_mem.o(i.QF_getPoolMin), (96 bytes).
    Removing qf_mem.o(i.QMPool_get), (176 bytes).
    Removing qf_mem.o(i.QMPool_init), (144 bytes).
    Removing qf_ps.o(i.QActive_subscribe), (128 bytes).
    Removing qf_ps.o(i.QActive_unsubscribe), (128 bytes).
    Removing qf_ps.o(i.QActive_unsubscribeAll), (148 bytes).
    Removing qf_ps.o(i.QF_get_BASEPRI), (6 bytes).
    Removing qf_ps.o(i.QF_psInit), (32 bytes).
    Removing qf_ps.o(i.QF_publish_), (236 bytes).
    Removing qf_ps.o(i.QF_set_BASEPRI), (6 bytes).
    Removing qf_ps.o(.constdata), (6 bytes).
    Removing qf_qeq.o(i.QEQueue_get), (128 bytes).
    Removing qf_qeq.o(i.QEQueue_post), (176 bytes).
    Removing qf_qeq.o(i.QEQueue_postLIFO), (132 bytes).
    Removing qf_qeq.o(i.QF_set_BASEPRI), (6 bytes).
    Removing qf_qeq.o(.constdata), (7 bytes).
    Removing qf_qmact.o(i.QMActive_ctor), (32 bytes).
    Removing qf_qmact.o(.constdata), (20 bytes).
    Removing qf_time.o(i.QF_noTimeEvtsActiveX), (40 bytes).
    Removing qf_time.o(i.QTimeEvt_armX), (136 bytes).
    Removing qf_time.o(i.QTimeEvt_currCtr), (40 bytes).
    Removing qf_time.o(i.QTimeEvt_disarm), (68 bytes).
    Removing qf_time.o(i.QTimeEvt_rearm), (132 bytes).
    Removing qf_time.o(i.QTimeEvt_wasDisarmed), (26 bytes).
    Removing qxk.o(i.QF_stop), (8 bytes).
    Removing qxk.o(i.QXK_current), (96 bytes).
    Removing qxk.o(i.QXK_schedLock), (116 bytes).
    Removing qxk.o(i.QXK_schedUnlock), (100 bytes).
    Removing qxk_mutex.o(i.QXMutex_tryLock), (312 bytes).
    Removing qxk_sema.o(i.QXSemaphore_tryWait), (76 bytes).
    Removing qxk_xthr.o(i.QXThread_delayCancel), (66 bytes).
    Removing qxk_xthr.o(i.QXThread_queueGet), (280 bytes).

70 unused section(s) (total 4958 bytes) removed from the image.

==============================================================================

Image Symbol Table

    Local Symbols

    Symbol Name                              Value     Ov Type        Size  Object(Section)

    RESET                                    0x00000000   Section      620  startup_tm4c123gh6pm.o(RESET)
    ../clib/angel/boardlib.s                 0x00000000   Number         0  boardshut.o ABSOLUTE
    ../clib/angel/boardlib.s                 0x00000000   Number         0  boardinit1.o ABSOLUTE
    ../clib/angel/boardlib.s                 0x00000000   Number         0  boardinit3.o ABSOLUTE
    ../clib/angel/boardlib.s                 0x00000000   Number         0  boardinit2.o ABSOLUTE
    ../clib/angel/handlers.s                 0x00000000   Number         0  __scatter_zi.o ABSOLUTE
    ../clib/angel/handlers.s                 0x00000000   Number         0  __scatter_copy.o ABSOLUTE
    ../clib/angel/kernel.s                   0x00000000   Number         0  rtexit2.o ABSOLUTE
    ../clib/angel/kernel.s                   0x00000000   Number         0  rtexit.o ABSOLUTE
    ../clib/angel/kernel.s                   0x00000000   Number         0  __rtentry4.o ABSOLUTE
    ../clib/angel/kernel.s                   0x00000000   Number         0  __rtentry2.o ABSOLUTE
    ../clib/angel/kernel.s                   0x00000000   Number         0  __rtentry.o ABSOLUTE
    ../clib/angel/rt.s                       0x00000000   Number         0  rt_raise.o ABSOLUTE
    ../clib/angel/scatter.s                  0x00000000   Number         0  __scatter.o ABSOLUTE
    ../clib/angel/startup.s                  0x00000000   Number         0  __main.o ABSOLUTE
    ../clib/angel/sys.s                      0x00000000   Number         0  sys_stackheap_outer.o ABSOLUTE
    ../clib/angel/sys.s                      0x00000000   Number         0  indicate_semi.o ABSOLUTE
    ../clib/angel/sys.s                      0x00000000   Number         0  use_no_semi.o ABSOLUTE
    ../clib/angel/sys.s                      0x00000000   Number         0  libspace.o ABSOLUTE
    ../clib/angel/sysapp.c                   0x00000000   Number         0  sys_exit.o ABSOLUTE
    ../clib/angel/sysapp.c                   0x00000000   Number         0  sys_wrch.o ABSOLUTE
    ../clib/angel/sysapp.c                   0x00000000   Number         0  sys_command.o ABSOLUTE
    ../clib/armsys.c                         0x00000000   Number         0  no_argv.o ABSOLUTE
    ../clib/armsys.c                         0x00000000   Number         0  argv_veneer.o ABSOLUTE
    ../clib/armsys.c                         0x00000000   Number         0  _get_argv_nomalloc.o ABSOLUTE
    ../clib/armsys.c                         0x00000000   Number         0  argv_veneer.o ABSOLUTE
    ../clib/heapalloc.c                      0x00000000   Number         0  hrguard.o ABSOLUTE
    ../clib/heapaux.c                        0x00000000   Number         0  heapauxi.o ABSOLUTE
    ../clib/libinit.s                        0x00000000   Number         0  libshutdown.o ABSOLUTE
    ../clib/libinit.s                        0x00000000   Number         0  libinit2.o ABSOLUTE
    ../clib/libinit.s                        0x00000000   Number         0  libshutdown2.o ABSOLUTE
    ../clib/libinit.s                        0x00000000   Number         0  libinit.o ABSOLUTE
    ../clib/signal.c                         0x00000000   Number         0  defsig_rtmem_formal.o ABSOLUTE
    ../clib/signal.c                         0x00000000   Number         0  defsig_rtmem_outer.o ABSOLUTE
    ../clib/signal.c                         0x00000000   Number         0  defsig_pvfn_inner.o ABSOLUTE
    ../clib/signal.c                         0x00000000   Number         0  defsig_other.o ABSOLUTE
    ../clib/signal.c                         0x00000000   Number         0  defsig_segv_inner.o ABSOLUTE
    ../clib/signal.c                         0x00000000   Number         0  defsig_cppl_inner.o ABSOLUTE
    ../clib/signal.c                         0x00000000   Number         0  defsig_stak_inner.o ABSOLUTE
    ../clib/signal.c                         0x00000000   Number         0  defsig_rtred_inner.o ABSOLUTE
    ../clib/signal.c                         0x00000000   Number         0  defsig_fpe_inner.o ABSOLUTE
    ../clib/signal.c                         0x00000000   Number         0  defsig_abrt_inner.o ABSOLUTE
    ../clib/signal.c                         0x00000000   Number         0  defsig_general.o ABSOLUTE
    ../clib/signal.c                         0x00000000   Number         0  __raise.o ABSOLUTE
    ../clib/signal.c                         0x00000000   Number         0  defsig_rtmem_inner.o ABSOLUTE
    ../clib/signal.c                         0x00000000   Number         0  defsig_exit.o ABSOLUTE
    ../clib/signal.s                         0x00000000   Number         0  defsig.o ABSOLUTE
    ../clib/stdlib.c                         0x00000000   Number         0  exit.o ABSOLUTE
    ../fplib/fpinit.s                        0x00000000   Number         0  fpinit.o ABSOLUTE
    ..\\qpc\\3rd_party\\ek-tm4c123gxl\\system_TM4C123GH6PM.c 0x00000000   Number         0  system_tm4c123gh6pm.o ABSOLUTE
    ..\\qpc\\ports\\arm-cm\\qxk\\arm\\qxk_port.c 0x00000000   Number         0  qxk_port.o ABSOLUTE
    ..\qpc\3rd_party\ek-tm4c123gxl\arm\startup_TM4C123GH6PM.s 0x00000000   Number         0  startup_tm4c123gh6pm.o ABSOLUTE
    ..\qpc\3rd_party\ek-tm4c123gxl\system_TM4C123GH6PM.c 0x00000000   Number         0  system_tm4c123gh6pm.o ABSOLUTE
    ..\qpc\ports\arm-cm\qxk\arm\qxk_port.c   0x00000000   Number         0  qxk_port.o ABSOLUTE
    ..\qpc\src\qf\qep_hsm.c                  0x00000000   Number         0  qep_hsm.o ABSOLUTE
    ..\qpc\src\qf\qep_msm.c                  0x00000000   Number         0  qep_msm.o ABSOLUTE
    ..\qpc\src\qf\qf_act.c                   0x00000000   Number         0  qf_act.o ABSOLUTE
    ..\qpc\src\qf\qf_actq.c                  0x00000000   Number         0  qf_actq.o ABSOLUTE
    ..\qpc\src\qf\qf_defer.c                 0x00000000   Number         0  qf_defer.o ABSOLUTE
    ..\qpc\src\qf\qf_dyn.c                   0x00000000   Number         0  qf_dyn.o ABSOLUTE
    ..\qpc\src\qf\qf_mem.c                   0x00000000   Number         0  qf_mem.o ABSOLUTE
    ..\qpc\src\qf\qf_ps.c                    0x00000000   Number         0  qf_ps.o ABSOLUTE
    ..\qpc\src\qf\qf_qact.c                  0x00000000   Number         0  qf_qact.o ABSOLUTE
    ..\qpc\src\qf\qf_qeq.c                   0x00000000   Number         0  qf_qeq.o ABSOLUTE
    ..\qpc\src\qf\qf_qmact.c                 0x00000000   Number         0  qf_qmact.o ABSOLUTE
    ..\qpc\src\qf\qf_time.c                  0x00000000   Number         0  qf_time.o ABSOLUTE
    ..\qpc\src\qxk\qxk.c                     0x00000000   Number         0  qxk.o ABSOLUTE
    ..\qpc\src\qxk\qxk_mutex.c               0x00000000   Number         0  qxk_mutex.o ABSOLUTE
    ..\qpc\src\qxk\qxk_sema.c                0x00000000   Number         0  qxk_sema.o ABSOLUTE
    ..\qpc\src\qxk\qxk_xthr.c                0x00000000   Number         0  qxk_xthr.o ABSOLUTE
    bsp.c                                    0x00000000   Number         0  bsp.o ABSOLUTE
    bsp.c                                    0x00000000   Number         0  bsp.o ABSOLUTE
    dc.s                                     0x00000000   Number         0  dc.o ABSOLUTE
    main.c                                   0x00000000   Number         0  main.o ABSOLUTE
    main.c                                   0x00000000   Number         0  main.o ABSOLUTE
    !!!main                                  0x0000026c   Section        8  __main.o(!!!main)
    !!!scatter                               0x00000274   Section       52  __scatter.o(!!!scatter)
    !!handler_copy                           0x000002a8   Section       26  __scatter_copy.o(!!handler_copy)
    !!handler_zi                             0x000002c4   Section       28  __scatter_zi.o(!!handler_zi)
    .ARM.Collect$$libinit$$00000000          0x000002e0   Section        2  libinit.o(.ARM.Collect$$libinit$$00000000)
    .ARM.Collect$$libinit$$00000002          0x000002e2   Section        0  libinit2.o(.ARM.Collect$$libinit$$00000002)
    .ARM.Collect$$libinit$$00000004          0x000002e2   Section        0  libinit2.o(.ARM.Collect$$libinit$$00000004)
    .ARM.Collect$$libinit$$0000000A          0x000002e2   Section        0  libinit2.o(.ARM.Collect$$libinit$$0000000A)
    .ARM.Collect$$libinit$$0000000C          0x000002e2   Section        0  libinit2.o(.ARM.Collect$$libinit$$0000000C)
    .ARM.Collect$$libinit$$0000000E          0x000002e2   Section        0  libinit2.o(.ARM.Collect$$libinit$$0000000E)
    .ARM.Collect$$libinit$$00000011          0x000002e2   Section        0  libinit2.o(.ARM.Collect$$libinit$$00000011)
    .ARM.Collect$$libinit$$00000013          0x000002e2   Section        0  libinit2.o(.ARM.Collect$$libinit$$00000013)
    .ARM.Collect$$libinit$$00000015          0x000002e2   Section        0  libinit2.o(.ARM.Collect$$libinit$$00000015)
    .ARM.Collect$$libinit$$00000017          0x000002e2   Section        0  libinit2.o(.ARM.Collect$$libinit$$00000017)
    .ARM.Collect$$libinit$$00000019          0x000002e2   Section        0  libinit2.o(.ARM.Collect$$libinit$$00000019)
    .ARM.Collect$$libinit$$0000001B          0x000002e2   Section        0  libinit2.o(.ARM.Collect$$libinit$$0000001B)
    .ARM.Collect$$libinit$$0000001D          0x000002e2   Section        0  libinit2.o(.ARM.Collect$$libinit$$0000001D)
    .ARM.Collect$$libinit$$0000001F          0x000002e2   Section        0  libinit2.o(.ARM.Collect$$libinit$$0000001F)
    .ARM.Collect$$libinit$$00000021          0x000002e2   Section        0  libinit2.o(.ARM.Collect$$libinit$$00000021)
    .ARM.Collect$$libinit$$00000023          0x000002e2   Section        0  libinit2.o(.ARM.Collect$$libinit$$00000023)
    .ARM.Collect$$libinit$$00000025          0x000002e2   Section        0  libinit2.o(.ARM.Collect$$libinit$$00000025)
    .ARM.Collect$$libinit$$0000002C          0x000002e2   Section        0  libinit2.o(.ARM.Collect$$libinit$$0000002C)
    .ARM.Collect$$libinit$$0000002E          0x000002e2   Section        0  libinit2.o(.ARM.Collect$$libinit$$0000002E)
    .ARM.Collect$$libinit$$00000030          0x000002e2   Section        0  libinit2.o(.ARM.Collect$$libinit$$00000030)
    .ARM.Collect$$libinit$$00000032          0x000002e2   Section        0  libinit2.o(.ARM.Collect$$libinit$$00000032)
    .ARM.Collect$$libinit$$00000033          0x000002e2   Section        2  libinit2.o(.ARM.Collect$$libinit$$00000033)
    .ARM.Collect$$libshutdown$$00000000      0x000002e4   Section        2  libshutdown.o(.ARM.Collect$$libshutdown$$00000000)
    .ARM.Collect$$libshutdown$$00000002      0x000002e6   Section        0  libshutdown2.o(.ARM.Collect$$libshutdown$$00000002)
    .ARM.Collect$$libshutdown$$00000004      0x000002e6   Section        0  libshutdown2.o(.ARM.Collect$$libshutdown$$00000004)
    .ARM.Collect$$libshutdown$$00000006      0x000002e6   Section        0  libshutdown2.o(.ARM.Collect$$libshutdown$$00000006)
    .ARM.Collect$$libshutdown$$00000009      0x000002e6   Section        0  libshutdown2.o(.ARM.Collect$$libshutdown$$00000009)
    .ARM.Collect$$libshutdown$$0000000C      0x000002e6   Section        0  libshutdown2.o(.ARM.Collect$$libshutdown$$0000000C)
    .ARM.Collect$$libshutdown$$0000000E      0x000002e6   Section        0  libshutdown2.o(.ARM.Collect$$libshutdown$$0000000E)
    .ARM.Collect$$libshutdown$$00000011      0x000002e6   Section        0  libshutdown2.o(.ARM.Collect$$libshutdown$$00000011)
    .ARM.Collect$$libshutdown$$00000012      0x000002e6   Section        2  libshutdown2.o(.ARM.Collect$$libshutdown$$00000012)
    .ARM.Collect$$rtentry$$00000000          0x000002e8   Section        0  __rtentry.o(.ARM.Collect$$rtentry$$00000000)
    .ARM.Collect$$rtentry$$00000002          0x000002e8   Section        0  __rtentry2.o(.ARM.Collect$$rtentry$$00000002)
    .ARM.Collect$$rtentry$$00000004          0x000002e8   Section        6  __rtentry4.o(.ARM.Collect$$rtentry$$00000004)
    .ARM.Collect$$rtentry$$00000009          0x000002ee   Section        0  __rtentry2.o(.ARM.Collect$$rtentry$$00000009)
    .ARM.Collect$$rtentry$$0000000A          0x000002ee   Section        4  __rtentry2.o(.ARM.Collect$$rtentry$$0000000A)
    .ARM.Collect$$rtentry$$0000000C          0x000002f2   Section        0  __rtentry2.o(.ARM.Collect$$rtentry$$0000000C)
    .ARM.Collect$$rtentry$$0000000D          0x000002f2   Section        8  __rtentry2.o(.ARM.Collect$$rtentry$$0000000D)
    .ARM.Collect$$rtexit$$00000000           0x000002fa   Section        2  rtexit.o(.ARM.Collect$$rtexit$$00000000)
    .ARM.Collect$$rtexit$$00000002           0x000002fc   Section        0  rtexit2.o(.ARM.Collect$$rtexit$$00000002)
    .ARM.Collect$$rtexit$$00000003           0x000002fc   Section        4  rtexit2.o(.ARM.Collect$$rtexit$$00000003)
    .ARM.Collect$$rtexit$$00000004           0x00000300   Section        6  rtexit2.o(.ARM.Collect$$rtexit$$00000004)
    .emb_text                                0x00000308   Section      208  qxk_port.o(.emb_text)
    .text                                    0x000003d8   Section      124  startup_tm4c123gh6pm.o(.text)
    .text                                    0x00000454   Section        0  heapauxi.o(.text)
    .text                                    0x0000045a   Section       74  sys_stackheap_outer.o(.text)
    .text                                    0x000004a4   Section        0  exit.o(.text)
    .text                                    0x000004b8   Section        8  libspace.o(.text)
    .text                                    0x000004c0   Section        0  sys_exit.o(.text)
    .text                                    0x000004cc   Section        2  use_no_semi.o(.text)
    .text                                    0x000004ce   Section        0  indicate_semi.o(.text)
    i.BSP_init                               0x000004d0   Section        0  bsp.o(i.BSP_init)
    i.BSP_ledBlueToggle                      0x0000057c   Section        0  bsp.o(i.BSP_ledBlueToggle)
    i.BSP_ledGreenOff                        0x000005b8   Section        0  bsp.o(i.BSP_ledGreenOff)
    i.BSP_ledGreenOn                         0x000005c4   Section        0  bsp.o(i.BSP_ledGreenOn)
    i.BSP_sendMorseCode                      0x000005d0   Section        0  bsp.o(i.BSP_sendMorseCode)
    i.GPIOPortF_IRQHandler                   0x0000062c   Section        0  bsp.o(i.GPIOPortF_IRQHandler)
    i.QActive_ctor                           0x00000688   Section        0  qf_qact.o(i.QActive_ctor)
    i.QActive_get_                           0x000006a8   Section        0  qf_actq.o(i.QActive_get_)
    i.QActive_postLIFO_                      0x00000730   Section        0  qf_actq.o(i.QActive_postLIFO_)
    i.QActive_post_                          0x000007e4   Section        0  qf_actq.o(i.QActive_post_)
    i.QActive_start_                         0x000008d0   Section        0  qxk.o(i.QActive_start_)
    i.QEQueue_init                           0x00000974   Section        0  qf_qeq.o(i.QEQueue_init)
    i.QF_add_                                0x0000098c   Section        0  qf_act.o(i.QF_add_)
    i.QF_bzero                               0x000009e0   Section        0  qf_act.o(i.QF_bzero)
    i.QF_gc                                  0x000009f8   Section        0  qf_dyn.o(i.QF_gc)
    i.QF_get_BASEPRI                         0x00000a70   Section        0  qf_actq.o(i.QF_get_BASEPRI)
    QF_get_BASEPRI                           0x00000a71   Thumb Code     6  qf_actq.o(i.QF_get_BASEPRI)
    i.QF_get_BASEPRI                         0x00000a76   Section        0  qf_time.o(i.QF_get_BASEPRI)
    QF_get_BASEPRI                           0x00000a77   Thumb Code     6  qf_time.o(i.QF_get_BASEPRI)
    i.QF_get_BASEPRI                         0x00000a7c   Section        0  qxk.o(i.QF_get_BASEPRI)
    QF_get_BASEPRI                           0x00000a7d   Thumb Code     6  qxk.o(i.QF_get_BASEPRI)
    i.QF_get_BASEPRI                         0x00000a82   Section        0  qxk_mutex.o(i.QF_get_BASEPRI)
    QF_get_BASEPRI                           0x00000a83   Thumb Code     6  qxk_mutex.o(i.QF_get_BASEPRI)
    i.QF_get_BASEPRI                         0x00000a88   Section        0  qxk_sema.o(i.QF_get_BASEPRI)
    QF_get_BASEPRI                           0x00000a89   Thumb Code     6  qxk_sema.o(i.QF_get_BASEPRI)
    i.QF_get_BASEPRI                         0x00000a8e   Section        0  qxk_xthr.o(i.QF_get_BASEPRI)
    QF_get_BASEPRI                           0x00000a8f   Thumb Code     6  qxk_xthr.o(i.QF_get_BASEPRI)
    i.QF_init                                0x00000a94   Section        0  qxk.o(i.QF_init)
    i.QF_onStartup                           0x00000afc   Section        0  bsp.o(i.QF_onStartup)
    i.QF_run                                 0x00000b74   Section        0  qxk.o(i.QF_run)
    i.QF_set_BASEPRI                         0x00000b98   Section        0  bsp.o(i.QF_set_BASEPRI)
    QF_set_BASEPRI                           0x00000b99   Thumb Code     6  bsp.o(i.QF_set_BASEPRI)
    i.QF_set_BASEPRI                         0x00000b9e   Section        0  qf_act.o(i.QF_set_BASEPRI)
    QF_set_BASEPRI                           0x00000b9f   Thumb Code     6  qf_act.o(i.QF_set_BASEPRI)
    i.QF_set_BASEPRI                         0x00000ba4   Section        0  qf_actq.o(i.QF_set_BASEPRI)
    QF_set_BASEPRI                           0x00000ba5   Thumb Code     6  qf_actq.o(i.QF_set_BASEPRI)
    i.QF_set_BASEPRI                         0x00000baa   Section        0  qf_dyn.o(i.QF_set_BASEPRI)
    QF_set_BASEPRI                           0x00000bab   Thumb Code     6  qf_dyn.o(i.QF_set_BASEPRI)
    i.QF_set_BASEPRI                         0x00000bb0   Section        0  qf_mem.o(i.QF_set_BASEPRI)
    QF_set_BASEPRI                           0x00000bb1   Thumb Code     6  qf_mem.o(i.QF_set_BASEPRI)
    i.QF_set_BASEPRI                         0x00000bb6   Section        0  qf_time.o(i.QF_set_BASEPRI)
    QF_set_BASEPRI                           0x00000bb7   Thumb Code     6  qf_time.o(i.QF_set_BASEPRI)
    i.QF_set_BASEPRI                         0x00000bbc   Section        0  qxk.o(i.QF_set_BASEPRI)
    QF_set_BASEPRI                           0x00000bbd   Thumb Code     6  qxk.o(i.QF_set_BASEPRI)
    i.QF_set_BASEPRI                         0x00000bc2   Section        0  qxk_mutex.o(i.QF_set_BASEPRI)
    QF_set_BASEPRI                           0x00000bc3   Thumb Code     6  qxk_mutex.o(i.QF_set_BASEPRI)
    i.QF_set_BASEPRI                         0x00000bc8   Section        0  qxk_sema.o(i.QF_set_BASEPRI)
    QF_set_BASEPRI                           0x00000bc9   Thumb Code     6  qxk_sema.o(i.QF_set_BASEPRI)
    i.QF_set_BASEPRI                         0x00000bce   Section        0  qxk_xthr.o(i.QF_set_BASEPRI)
    QF_set_BASEPRI                           0x00000bcf   Thumb Code     6  qxk_xthr.o(i.QF_set_BASEPRI)
    i.QF_tickX_                              0x00000bd4   Section        0  qf_time.o(i.QF_tickX_)
    i.QHsm_ctor                              0x00000ccc   Section        0  qep_hsm.o(i.QHsm_ctor)
    i.QHsm_dispatch_                         0x00000ce0   Section        0  qep_hsm.o(i.QHsm_dispatch_)
    i.QHsm_init_                             0x00000dec   Section        0  qep_hsm.o(i.QHsm_init_)
    i.QHsm_top                               0x00000ea0   Section        0  qep_hsm.o(i.QHsm_top)
    i.QHsm_tran_                             0x00000ea8   Section        0  qep_hsm.o(i.QHsm_tran_)
    QHsm_tran_                               0x00000ea9   Thumb Code   338  qep_hsm.o(i.QHsm_tran_)
    i.QMPool_put                             0x00001004   Section        0  qf_mem.o(i.QMPool_put)
    i.QTicker_dispatch_                      0x00001060   Section        0  qf_actq.o(i.QTicker_dispatch_)
    QTicker_dispatch_                        0x00001061   Thumb Code    64  qf_actq.o(i.QTicker_dispatch_)
    i.QTicker_init_                          0x000010a0   Section        0  qf_actq.o(i.QTicker_init_)
    QTicker_init_                            0x000010a1   Thumb Code     6  qf_actq.o(i.QTicker_init_)
    i.QTicker_postLIFO_                      0x000010a8   Section        0  qf_actq.o(i.QTicker_postLIFO_)
    QTicker_postLIFO_                        0x000010a9   Thumb Code    10  qf_actq.o(i.QTicker_postLIFO_)
    i.QTicker_post_                          0x000010b8   Section        0  qf_actq.o(i.QTicker_post_)
    QTicker_post_                            0x000010b9   Thumb Code   120  qf_actq.o(i.QTicker_post_)
    i.QTimeEvt_ctorX                         0x00001138   Section        0  qf_time.o(i.QTimeEvt_ctorX)
    i.QXK_activate_                          0x00001170   Section        0  qxk.o(i.QXK_activate_)
    i.QXK_get_IPSR                           0x00001274   Section        0  qxk_xthr.o(i.QXK_get_IPSR)
    QXK_get_IPSR                             0x00001275   Thumb Code     6  qxk_xthr.o(i.QXK_get_IPSR)
    i.QXK_init                               0x0000127c   Section        0  qxk_port.o(i.QXK_init)
    i.QXK_onIdle                             0x000012e8   Section        0  bsp.o(i.QXK_onIdle)
    i.QXK_sched_                             0x000012ec   Section        0  qxk.o(i.QXK_sched_)
    i.QXK_stackInit_                         0x000013bc   Section        0  qxk_port.o(i.QXK_stackInit_)
    i.QXK_threadRet_                         0x00001468   Section        0  qxk_xthr.o(i.QXK_threadRet_)
    i.QXMutex_init                           0x000014e8   Section        0  qxk_mutex.o(i.QXMutex_init)
    i.QXMutex_lock                           0x00001548   Section        0  qxk_mutex.o(i.QXMutex_lock)
    i.QXMutex_unlock                         0x0000172c   Section        0  qxk_mutex.o(i.QXMutex_unlock)
    i.QXSemaphore_init                       0x000018a8   Section        0  qxk_sema.o(i.QXSemaphore_init)
    i.QXSemaphore_signal                     0x000018cc   Section        0  qxk_sema.o(i.QXSemaphore_signal)
    i.QXSemaphore_wait                       0x00001990   Section        0  qxk_sema.o(i.QXSemaphore_wait)
    i.QXThread_block_                        0x00001ab4   Section        0  qxk_xthr.o(i.QXThread_block_)
    i.QXThread_ctor                          0x00001af4   Section        0  qxk_xthr.o(i.QXThread_ctor)
    i.QXThread_delay                         0x00001b24   Section        0  qxk_xthr.o(i.QXThread_delay)
    i.QXThread_dispatch_                     0x00001be0   Section        0  qxk_xthr.o(i.QXThread_dispatch_)
    QXThread_dispatch_                       0x00001be1   Thumb Code     8  qxk_xthr.o(i.QXThread_dispatch_)
    i.QXThread_init_                         0x00001bec   Section        0  qxk_xthr.o(i.QXThread_init_)
    QXThread_init_                           0x00001bed   Thumb Code     8  qxk_xthr.o(i.QXThread_init_)
    i.QXThread_postLIFO_                     0x00001bf8   Section        0  qxk_xthr.o(i.QXThread_postLIFO_)
    QXThread_postLIFO_                       0x00001bf9   Thumb Code    10  qxk_xthr.o(i.QXThread_postLIFO_)
    i.QXThread_post_                         0x00001c08   Section        0  qxk_xthr.o(i.QXThread_post_)
    QXThread_post_                           0x00001c09   Thumb Code   306  qxk_xthr.o(i.QXThread_post_)
    i.QXThread_start_                        0x00001d44   Section        0  qxk_xthr.o(i.QXThread_start_)
    QXThread_start_                          0x00001d45   Thumb Code   158  qxk_xthr.o(i.QXThread_start_)
    i.QXThread_teArm_                        0x00001dec   Section        0  qxk_xthr.o(i.QXThread_teArm_)
    i.QXThread_teDisarm_                     0x00001e64   Section        0  qxk_xthr.o(i.QXThread_teDisarm_)
    i.QXThread_unblock_                      0x00001e78   Section        0  qxk_xthr.o(i.QXThread_unblock_)
    i.Q_onAssert                             0x00001eac   Section        0  bsp.o(i.Q_onAssert)
    i.SysTick_Handler                        0x00001ed8   Section        0  bsp.o(i.SysTick_Handler)
    i.SystemCoreClockUpdate                  0x00001f18   Section        0  system_tm4c123gh6pm.o(i.SystemCoreClockUpdate)
    i.SystemInit                             0x00001fdc   Section        0  system_tm4c123gh6pm.o(i.SystemInit)
    i.__NVIC_SetPriority                     0x00002080   Section        0  bsp.o(i.__NVIC_SetPriority)
    __NVIC_SetPriority                       0x00002081   Thumb Code    32  bsp.o(i.__NVIC_SetPriority)
    i.getOscClk                              0x000020a8   Section        0  system_tm4c123gh6pm.o(i.getOscClk)
    getOscClk                                0x000020a9   Thumb Code   182  system_tm4c123gh6pm.o(i.getOscClk)
    i.initial_events                         0x000021a0   Section        0  qxk.o(i.initial_events)
    initial_events                           0x000021a1   Thumb Code    20  qxk.o(i.initial_events)
    i.main                                   0x000021b8   Section        0  main.o(i.main)
    i.main_blinky1                           0x000022b0   Section        0  main.o(i.main_blinky1)
    i.main_blinky2                           0x000022c8   Section        0  main.o(i.main_blinky2)
    i.main_blinky3                           0x000022f4   Section        0  main.o(i.main_blinky3)
    .constdata                               0x00002310   Section        7  main.o(.constdata)
    Q_this_module_                           0x00002310   Data           7  main.o(.constdata)
    .constdata                               0x00002318   Section       40  qep_hsm.o(.constdata)
    Q_this_module_                           0x00002318   Data           8  qep_hsm.o(.constdata)
    QEP_reservedEvt_                         0x00002328   Data          16  qep_hsm.o(.constdata)
    vtable                                   0x00002338   Data           8  qep_hsm.o(.constdata)
    .constdata                               0x00002340   Section        7  qf_act.o(.constdata)
    Q_this_module_                           0x00002340   Data           7  qf_act.o(.constdata)
    .constdata                               0x00002348   Section       32  qf_actq.o(.constdata)
    Q_this_module_                           0x00002348   Data           8  qf_actq.o(.constdata)
    vtable                                   0x00002350   Data          20  qf_actq.o(.constdata)
    tickEvt                                  0x00002364   Data           4  qf_actq.o(.constdata)
    .constdata                               0x00002368   Section        7  qf_dyn.o(.constdata)
    Q_this_module_                           0x00002368   Data           7  qf_dyn.o(.constdata)
    .constdata                               0x0000236f   Section        7  qf_mem.o(.constdata)
    Q_this_module_                           0x0000236f   Data           7  qf_mem.o(.constdata)
    .constdata                               0x00002378   Section       20  qf_qact.o(.constdata)
    vtable                                   0x00002378   Data          20  qf_qact.o(.constdata)
    .constdata                               0x0000238c   Section        8  qf_time.o(.constdata)
    Q_this_module_                           0x0000238c   Data           8  qf_time.o(.constdata)
    .constdata                               0x00002394   Section        4  qxk.o(.constdata)
    Q_this_module_                           0x00002394   Data           4  qxk.o(.constdata)
    .constdata                               0x00002398   Section       10  qxk_mutex.o(.constdata)
    Q_this_module_                           0x00002398   Data          10  qxk_mutex.o(.constdata)
    .constdata                               0x000023a2   Section        9  qxk_sema.o(.constdata)
    Q_this_module_                           0x000023a2   Data           9  qxk_sema.o(.constdata)
    .constdata                               0x000023ac   Section       32  qxk_xthr.o(.constdata)
    Q_this_module_                           0x000023ac   Data           9  qxk_xthr.o(.constdata)
    vtable                                   0x000023b8   Data          20  qxk_xthr.o(.constdata)
    .data                                    0x20000000   Section        8  bsp.o(.data)
    Morse_mutex                              0x20000000   Data           8  bsp.o(.data)
    .data                                    0x20000008   Section        8  main.o(.data)
    .data                                    0x20000010   Section        4  system_tm4c123gh6pm.o(.data)
    .data                                    0x20000014   Section        4  qf_dyn.o(.data)
    .data                                    0x20000018   Section        8  qf_ps.o(.data)
    .bss                                     0x20000020   Section      808  main.o(.bss)
    .bss                                     0x20000348   Section      132  qf_act.o(.bss)
    .bss                                     0x200003cc   Section       60  qf_dyn.o(.bss)
    .bss                                     0x20000408   Section       32  qf_time.o(.bss)
    .bss                                     0x20000428   Section       60  qxk.o(.bss)
    l_idleThread                             0x2000043c   Data          40  qxk.o(.bss)
    .bss                                     0x20000464   Section       96  libspace.o(.bss)
    HEAP                                     0x200004c8   Section        0  startup_tm4c123gh6pm.o(HEAP)
    STACK                                    0x200004c8   Section     1024  startup_tm4c123gh6pm.o(STACK)
    __heap_base                              0x200004c8   Data           0  startup_tm4c123gh6pm.o(HEAP)
    __heap_limit                             0x200004c8   Data           0  startup_tm4c123gh6pm.o(HEAP)
    __stack_base                             0x200004c8   Data           0  startup_tm4c123gh6pm.o(STACK)
    __initial_sp                             0x200008c8   Data           0  startup_tm4c123gh6pm.o(STACK)
    __stack_limit                            0x200008c8   Data           0  startup_tm4c123gh6pm.o(STACK)

    Global Symbols

    Symbol Name                              Value     Ov Type        Size  Object(Section)

    BuildAttributes$$THM_ISAv4$E$P$D$K$B$S$7EM$PE$A:L22UL41UL21$X:L11$S22US41US21$IEEE1$IW$USESV6$~STKCKD$USESV7$~SHL$OSPACE$ROPI$EBA8$UX$STANDARDLIB$REQ8$PRES8$EABIv2 0x00000000   Number         0  anon$$obj.o ABSOLUTE
    __ARM_use_no_argv                        0x00000000   Number         0  main.o ABSOLUTE
    __Vectors                                0x00000000   Data           0  startup_tm4c123gh6pm.o(RESET)
    __ARM_exceptions_init                     - Undefined Weak Reference
    __alloca_initialize                       - Undefined Weak Reference
    __arm_fini_                               - Undefined Weak Reference
    __arm_preinit_                            - Undefined Weak Reference
    __cpp_initialize__aeabi_                  - Undefined Weak Reference
    __cxa_finalize                            - Undefined Weak Reference
    __rt_locale                               - Undefined Weak Reference
    __sigvec_lookup                           - Undefined Weak Reference
    _atexit_init                              - Undefined Weak Reference
    _call_atexit_fns                          - Undefined Weak Reference
    _clock_init                               - Undefined Weak Reference
    _fp_trap_init                             - Undefined Weak Reference
    _fp_trap_shutdown                         - Undefined Weak Reference
    _get_lc_collate                           - Undefined Weak Reference
    _get_lc_ctype                             - Undefined Weak Reference
    _get_lc_monetary                          - Undefined Weak Reference
    _get_lc_numeric                           - Undefined Weak Reference
    _get_lc_time                              - Undefined Weak Reference
    _getenv_init                              - Undefined Weak Reference
    _handle_redirection                       - Undefined Weak Reference
    _init_alloc                               - Undefined Weak Reference
    _init_user_alloc                          - Undefined Weak Reference
    _initio                                   - Undefined Weak Reference
    _rand_init                                - Undefined Weak Reference
    _signal_finish                            - Undefined Weak Reference
    _signal_init                              - Undefined Weak Reference
    _terminate_alloc                          - Undefined Weak Reference
    _terminate_user_alloc                     - Undefined Weak Reference
    _terminateio                              - Undefined Weak Reference
    __Vectors_End                            0x0000026c   Data           0  startup_tm4c123gh6pm.o(RESET)
    __Vectors_Size                           0x0000026c   Number         0  startup_tm4c123gh6pm.o ABSOLUTE
    __main                                   0x0000026d   Thumb Code     8  __main.o(!!!main)
    __scatterload                            0x00000275   Thumb Code     0  __scatter.o(!!!scatter)
    __scatterload_rt2                        0x00000275   Thumb Code    44  __scatter.o(!!!scatter)
    __scatterload_rt2_thumb_only             0x00000275   Thumb Code     0  __scatter.o(!!!scatter)
    __scatterload_null                       0x00000283   Thumb Code     0  __scatter.o(!!!scatter)
    __scatterload_copy                       0x000002a9   Thumb Code    26  __scatter_copy.o(!!handler_copy)
    __scatterload_zeroinit                   0x000002c5   Thumb Code    28  __scatter_zi.o(!!handler_zi)
    __rt_lib_init                            0x000002e1   Thumb Code     0  libinit.o(.ARM.Collect$$libinit$$00000000)
    __rt_lib_init_alloca_1                   0x000002e3   Thumb Code     0  libinit2.o(.ARM.Collect$$libinit$$0000002E)
    __rt_lib_init_argv_1                     0x000002e3   Thumb Code     0  libinit2.o(.ARM.Collect$$libinit$$0000002C)
    __rt_lib_init_atexit_1                   0x000002e3   Thumb Code     0  libinit2.o(.ARM.Collect$$libinit$$0000001B)
    __rt_lib_init_clock_1                    0x000002e3   Thumb Code     0  libinit2.o(.ARM.Collect$$libinit$$00000021)
    __rt_lib_init_cpp_1                      0x000002e3   Thumb Code     0  libinit2.o(.ARM.Collect$$libinit$$00000032)
    __rt_lib_init_exceptions_1               0x000002e3   Thumb Code     0  libinit2.o(.ARM.Collect$$libinit$$00000030)
    __rt_lib_init_fp_1                       0x000002e3   Thumb Code     0  libinit2.o(.ARM.Collect$$libinit$$00000002)
    __rt_lib_init_fp_trap_1                  0x000002e3   Thumb Code     0  libinit2.o(.ARM.Collect$$libinit$$0000001F)
    __rt_lib_init_getenv_1                   0x000002e3   Thumb Code     0  libinit2.o(.ARM.Collect$$libinit$$00000023)
    __rt_lib_init_heap_1                     0x000002e3   Thumb Code     0  libinit2.o(.ARM.Collect$$libinit$$0000000A)
    __rt_lib_init_lc_collate_1               0x000002e3   Thumb Code     0  libinit2.o(.ARM.Collect$$libinit$$00000011)
    __rt_lib_init_lc_ctype_1                 0x000002e3   Thumb Code     0  libinit2.o(.ARM.Collect$$libinit$$00000013)
    __rt_lib_init_lc_monetary_1              0x000002e3   Thumb Code     0  libinit2.o(.ARM.Collect$$libinit$$00000015)
    __rt_lib_init_lc_numeric_1               0x000002e3   Thumb Code     0  libinit2.o(.ARM.Collect$$libinit$$00000017)
    __rt_lib_init_lc_time_1                  0x000002e3   Thumb Code     0  libinit2.o(.ARM.Collect$$libinit$$00000019)
    __rt_lib_init_preinit_1                  0x000002e3   Thumb Code     0  libinit2.o(.ARM.Collect$$libinit$$00000004)
    __rt_lib_init_rand_1                     0x000002e3   Thumb Code     0  libinit2.o(.ARM.Collect$$libinit$$0000000E)
    __rt_lib_init_return                     0x000002e3   Thumb Code     0  libinit2.o(.ARM.Collect$$libinit$$00000033)
    __rt_lib_init_signal_1                   0x000002e3   Thumb Code     0  libinit2.o(.ARM.Collect$$libinit$$0000001D)
    __rt_lib_init_stdio_1                    0x000002e3   Thumb Code     0  libinit2.o(.ARM.Collect$$libinit$$00000025)
    __rt_lib_init_user_alloc_1               0x000002e3   Thumb Code     0  libinit2.o(.ARM.Collect$$libinit$$0000000C)
    __rt_lib_shutdown                        0x000002e5   Thumb Code     0  libshutdown.o(.ARM.Collect$$libshutdown$$00000000)
    __rt_lib_shutdown_cpp_1                  0x000002e7   Thumb Code     0  libshutdown2.o(.ARM.Collect$$libshutdown$$00000004)
    __rt_lib_shutdown_fini_1                 0x000002e7   Thumb Code     0  libshutdown2.o(.ARM.Collect$$libshutdown$$00000002)
    __rt_lib_shutdown_fp_trap_1              0x000002e7   Thumb Code     0  libshutdown2.o(.ARM.Collect$$libshutdown$$00000009)
    __rt_lib_shutdown_heap_1                 0x000002e7   Thumb Code     0  libshutdown2.o(.ARM.Collect$$libshutdown$$00000011)
    __rt_lib_shutdown_return                 0x000002e7   Thumb Code     0  libshutdown2.o(.ARM.Collect$$libshutdown$$00000012)
    __rt_lib_shutdown_signal_1               0x000002e7   Thumb Code     0  libshutdown2.o(.ARM.Collect$$libshutdown$$0000000C)
    __rt_lib_shutdown_stdio_1                0x000002e7   Thumb Code     0  libshutdown2.o(.ARM.Collect$$libshutdown$$00000006)
    __rt_lib_shutdown_user_alloc_1           0x000002e7   Thumb Code     0  libshutdown2.o(.ARM.Collect$$libshutdown$$0000000E)
    __rt_entry                               0x000002e9   Thumb Code     0  __rtentry.o(.ARM.Collect$$rtentry$$00000000)
    __rt_entry_presh_1                       0x000002e9   Thumb Code     0  __rtentry2.o(.ARM.Collect$$rtentry$$00000002)
    __rt_entry_sh                            0x000002e9   Thumb Code     0  __rtentry4.o(.ARM.Collect$$rtentry$$00000004)
    __rt_entry_li                            0x000002ef   Thumb Code     0  __rtentry2.o(.ARM.Collect$$rtentry$$0000000A)
    __rt_entry_postsh_1                      0x000002ef   Thumb Code     0  __rtentry2.o(.ARM.Collect$$rtentry$$00000009)
    __rt_entry_main                          0x000002f3   Thumb Code     0  __rtentry2.o(.ARM.Collect$$rtentry$$0000000D)
    __rt_entry_postli_1                      0x000002f3   Thumb Code     0  __rtentry2.o(.ARM.Collect$$rtentry$$0000000C)
    __rt_exit                                0x000002fb   Thumb Code     0  rtexit.o(.ARM.Collect$$rtexit$$00000000)
    __rt_exit_ls                             0x000002fd   Thumb Code     0  rtexit2.o(.ARM.Collect$$rtexit$$00000003)
    __rt_exit_prels_1                        0x000002fd   Thumb Code     0  rtexit2.o(.ARM.Collect$$rtexit$$00000002)
    __rt_exit_exit                           0x00000301   Thumb Code     0  rtexit2.o(.ARM.Collect$$rtexit$$00000004)
    PendSV_Handler                           0x00000309   Thumb Code   164  qxk_port.o(.emb_text)
    QXK_thread_ret                           0x000003bd   Thumb Code    12  qxk_port.o(.emb_text)
    NMI_Handler                              0x000003cd   Thumb Code    12  qxk_port.o(.emb_text)
    Reset_Handler                            0x000003d9   Thumb Code    14  startup_tm4c123gh6pm.o(.text)
    HardFault_Handler                        0x000003ed   Thumb Code     6  startup_tm4c123gh6pm.o(.text)
    MemManage_Handler                        0x000003f3   Thumb Code     6  startup_tm4c123gh6pm.o(.text)
    BusFault_Handler                         0x000003f9   Thumb Code     6  startup_tm4c123gh6pm.o(.text)
    UsageFault_Handler                       0x000003ff   Thumb Code     6  startup_tm4c123gh6pm.o(.text)
    SVC_Handler                              0x00000405   Thumb Code     6  startup_tm4c123gh6pm.o(.text)
    DebugMon_Handler                         0x0000040b   Thumb Code     6  startup_tm4c123gh6pm.o(.text)
    ADC1Seq0_IRQHandler                      0x0000041d   Thumb Code     0  startup_tm4c123gh6pm.o(.text)
    ADC1Seq1_IRQHandler                      0x0000041d   Thumb Code     0  startup_tm4c123gh6pm.o(.text)
    ADC1Seq2_IRQHandler                      0x0000041d   Thumb Code     0  startup_tm4c123gh6pm.o(.text)
    ADC1Seq3_IRQHandler                      0x0000041d   Thumb Code     0  startup_tm4c123gh6pm.o(.text)
    ADCSeq0_IRQHandler                       0x0000041d   Thumb Code     0  startup_tm4c123gh6pm.o(.text)
    ADCSeq1_IRQHandler                       0x0000041d   Thumb Code     0  startup_tm4c123gh6pm.o(.text)
    ADCSeq2_IRQHandler                       0x0000041d   Thumb Code     0  startup_tm4c123gh6pm.o(.text)
    ADCSeq3_IRQHandler                       0x0000041d   Thumb Code     0  startup_tm4c123gh6pm.o(.text)
    CAN0_IRQHandler                          0x0000041d   Thumb Code     0  startup_tm4c123gh6pm.o(.text)
    CAN1_IRQHandler                          0x0000041d   Thumb Code     0  startup_tm4c123gh6pm.o(.text)
    CAN2_IRQHandler                          0x0000041d   Thumb Code     0  startup_tm4c123gh6pm.o(.text)
    Comp0_IRQHandler                         0x0000041d   Thumb Code     0  startup_tm4c123gh6pm.o(.text)
    Comp1_IRQHandler                         0x0000041d   Thumb Code     0  startup_tm4c123gh6pm.o(.text)
    Comp2_IRQHandler                         0x0000041d   Thumb Code     0  startup_tm4c123gh6pm.o(.text)
    FPU_IRQHandler                           0x0000041d   Thumb Code     0  startup_tm4c123gh6pm.o(.text)
    FlashCtrl_IRQHandler                     0x0000041d   Thumb Code     0  startup_tm4c123gh6pm.o(.text)
    GPIOPortA_IRQHandler                     0x0000041d   Thumb Code     0  startup_tm4c123gh6pm.o(.text)
    GPIOPortB_IRQHandler                     0x0000041d   Thumb Code     0  startup_tm4c123gh6pm.o(.text)
    GPIOPortC_IRQHandler                     0x0000041d   Thumb Code     0  startup_tm4c123gh6pm.o(.text)
    GPIOPortD_IRQHandler                     0x0000041d   Thumb Code     0  startup_tm4c123gh6pm.o(.text)
    GPIOPortE_IRQHandler                     0x0000041d   Thumb Code     0  startup_tm4c123gh6pm.o(.text)
    GPIOPortG_IRQHandler                     0x0000041d   Thumb Code     0  startup_tm4c123gh6pm.o(.text)
    GPIOPortH_IRQHandler                     0x0000041d   Thumb Code     0  startup_tm4c123gh6pm.o(.text)
    GPIOPortJ_IRQHandler                     0x0000041d   Thumb Code     0  startup_tm4c123gh6pm.o(.text)
    GPIOPortK_IRQHandler                     0x0000041d   Thumb Code     0  startup_tm4c123gh6pm.o(.text)
    GPIOPortL_IRQHandler                     0x0000041d   Thumb Code     0  startup_tm4c123gh6pm.o(.text)
    GPIOPortM_IRQHandler                     0x0000041d   Thumb Code     0  startup_tm4c123gh6pm.o(.text)
    GPIOPortN_IRQHandler                     0x0000041d   Thumb Code     0  startup_tm4c123gh6pm.o(.text)
    GPIOPortP0_IRQHandler                    0x0000041d   Thumb Code     0  startup_tm4c123gh6pm.o(.text)
    GPIOPortP1_IRQHandler                    0x0000041d   Thumb Code     0  startup_tm4c123gh6pm.o(.text)
    GPIOPortP2_IRQHandler                    0x0000041d   Thumb Code     0  startup_tm4c123gh6pm.o(.text)
    GPIOPortP3_IRQHandler                    0x0000041d   Thumb Code     0  startup_tm4c123gh6pm.o(.text)
    GPIOPortP4_IRQHandler                    0x0000041d   Thumb Code     0  startup_tm4c123gh6pm.o(.text)
    GPIOPortP5_IRQHandler                    0x0000041d   Thumb Code     0  startup_tm4c123gh6pm.o(.text)
    GPIOPortP6_IRQHandler                    0x0000041d   Thumb Code     0  startup_tm4c123gh6pm.o(.text)
    GPIOPortP7_IRQHandler                    0x0000041d   Thumb Code     0  startup_tm4c123gh6pm.o(.text)
    GPIOPortQ0_IRQHandler                    0x0000041d   Thumb Code     0  startup_tm4c123gh6pm.o(.text)
    GPIOPortQ1_IRQHandler                    0x0000041d   Thumb Code     0  startup_tm4c123gh6pm.o(.text)
    GPIOPortQ2_IRQHandler                    0x0000041d   Thumb Code     0  startup_tm4c123gh6pm.o(.text)
    GPIOPortQ3_IRQHandler                    0x0000041d   Thumb Code     0  startup_tm4c123gh6pm.o(.text)
    GPIOPortQ4_IRQHandler                    0x0000041d   Thumb Code     0  startup_tm4c123gh6pm.o(.text)
    GPIOPortQ5_IRQHandler                    0x0000041d   Thumb Code     0  startup_tm4c123gh6pm.o(.text)
    GPIOPortQ6_IRQHandler                    0x0000041d   Thumb Code     0  startup_tm4c123gh6pm.o(.text)
    GPIOPortQ7_IRQHandler                    0x0000041d   Thumb Code     0  startup_tm4c123gh6pm.o(.text)
    GPIOPortR_IRQHandler                     0x0000041d   Thumb Code     0  startup_tm4c123gh6pm.o(.text)
    GPIOPortS_IRQHandler                     0x0000041d   Thumb Code     0  startup_tm4c123gh6pm.o(.text)
    Hibernate_IRQHandler                     0x0000041d   Thumb Code     0  startup_tm4c123gh6pm.o(.text)
    I2C0_IRQHandler                          0x0000041d   Thumb Code     0  startup_tm4c123gh6pm.o(.text)
    I2C1_IRQHandler                          0x0000041d   Thumb Code     0  startup_tm4c123gh6pm.o(.text)
    I2C2_IRQHandler                          0x0000041d   Thumb Code     0  startup_tm4c123gh6pm.o(.text)
    I2C3_IRQHandler                          0x0000041d   Thumb Code     0  startup_tm4c123gh6pm.o(.text)
    I2C4_IRQHandler                          0x0000041d   Thumb Code     0  startup_tm4c123gh6pm.o(.text)
    I2C5_IRQHandler                          0x0000041d   Thumb Code     0  startup_tm4c123gh6pm.o(.text)
    PWM1Fault_IRQHandler                     0x0000041d   Thumb Code     0  startup_tm4c123gh6pm.o(.text)
    PWM1Gen0_IRQHandler                      0x0000041d   Thumb Code     0  startup_tm4c123gh6pm.o(.text)
    PWM1Gen1_IRQHandler                      0x0000041d   Thumb Code     0  startup_tm4c123gh6pm.o(.text)
    PWM1Gen2_IRQHandler                      0x0000041d   Thumb Code     0  startup_tm4c123gh6pm.o(.text)
    PWM1Gen3_IRQHandler                      0x0000041d   Thumb Code     0  startup_tm4c123gh6pm.o(.text)
    PWMFault_IRQHandler                      0x0000041d   Thumb Code     0  startup_tm4c123gh6pm.o(.text)
    PWMGen0_IRQHandler                       0x0000041d   Thumb Code     0  startup_tm4c123gh6pm.o(.text)
    PWMGen1_IRQHandler                       0x0000041d   Thumb Code     0  startup_tm4c123gh6pm.o(.text)
    PWMGen2_IRQHandler                       0x0000041d   Thumb Code     0  startup_tm4c123gh6pm.o(.text)
    PWMGen3_IRQHandler                       0x0000041d   Thumb Code     0  startup_tm4c123gh6pm.o(.text)
    QEI0_IRQHandler                          0x0000041d   Thumb Code     0  startup_tm4c123gh6pm.o(.text)
    QEI1_IRQHandler                          0x0000041d   Thumb Code     0  startup_tm4c123gh6pm.o(.text)
    QEI2_IRQHandler                          0x0000041d   Thumb Code     0  startup_tm4c123gh6pm.o(.text)
    SSI0_IRQHandler                          0x0000041d   Thumb Code     0  startup_tm4c123gh6pm.o(.text)
    SSI1_IRQHandler                          0x0000041d   Thumb Code     0  startup_tm4c123gh6pm.o(.text)
    SSI2_IRQHandler                          0x0000041d   Thumb Code     0  startup_tm4c123gh6pm.o(.text)
    SSI3_IRQHandler                          0x0000041d   Thumb Code     0  startup_tm4c123gh6pm.o(.text)
    SysCtrl_IRQHandler                       0x0000041d   Thumb Code     0  startup_tm4c123gh6pm.o(.text)
    Timer0A_IRQHandler                       0x0000041d   Thumb Code     0  startup_tm4c123gh6pm.o(.text)
    Timer0B_IRQHandler                       0x0000041d   Thumb Code     0  startup_tm4c123gh6pm.o(.text)
    Timer1A_IRQHandler                       0x0000041d   Thumb Code     0  startup_tm4c123gh6pm.o(.text)
    Timer1B_IRQHandler                       0x0000041d   Thumb Code     0  startup_tm4c123gh6pm.o(.text)
    Timer2A_IRQHandler                       0x0000041d   Thumb Code     0  startup_tm4c123gh6pm.o(.text)
    Timer2B_IRQHandler                       0x0000041d   Thumb Code     0  startup_tm4c123gh6pm.o(.text)
    Timer3A_IRQHandler                       0x0000041d   Thumb Code     0  startup_tm4c123gh6pm.o(.text)
    Timer3B_IRQHandler                       0x0000041d   Thumb Code     0  startup_tm4c123gh6pm.o(.text)
    Timer4A_IRQHandler                       0x0000041d   Thumb Code     0  startup_tm4c123gh6pm.o(.text)
    Timer4B_IRQHandler                       0x0000041d   Thumb Code     0  startup_tm4c123gh6pm.o(.text)
    Timer5A_IRQHandler                       0x0000041d   Thumb Code     0  startup_tm4c123gh6pm.o(.text)
    Timer5B_IRQHandler                       0x0000041d   Thumb Code     0  startup_tm4c123gh6pm.o(.text)
    UART0_IRQHandler                         0x0000041d   Thumb Code     0  startup_tm4c123gh6pm.o(.text)
    UART1_IRQHandler                         0x0000041d   Thumb Code     0  startup_tm4c123gh6pm.o(.text)
    UART2_IRQHandler                         0x0000041d   Thumb Code     0  startup_tm4c123gh6pm.o(.text)
    UART3_IRQHandler                         0x0000041d   Thumb Code     0  startup_tm4c123gh6pm.o(.text)
    UART4_IRQHandler                         0x0000041d   Thumb Code     0  startup_tm4c123gh6pm.o(.text)
    UART5_IRQHandler                         0x0000041d   Thumb Code     0  startup_tm4c123gh6pm.o(.text)
    UART6_IRQHandler                         0x0000041d   Thumb Code     0  startup_tm4c123gh6pm.o(.text)
    UART7_IRQHandler                         0x0000041d   Thumb Code     0  startup_tm4c123gh6pm.o(.text)
    USB0_IRQHandler                          0x0000041d   Thumb Code     0  startup_tm4c123gh6pm.o(.text)
    Watchdog_IRQHandler                      0x0000041d   Thumb Code     0  startup_tm4c123gh6pm.o(.text)
    WideTimer0A_IRQHandler                   0x0000041d   Thumb Code     0  startup_tm4c123gh6pm.o(.text)
    WideTimer0B_IRQHandler                   0x0000041d   Thumb Code     0  startup_tm4c123gh6pm.o(.text)
    WideTimer1A_IRQHandler                   0x0000041d   Thumb Code     0  startup_tm4c123gh6pm.o(.text)
    WideTimer1B_IRQHandler                   0x0000041d   Thumb Code     0  startup_tm4c123gh6pm.o(.text)
    WideTimer2A_IRQHandler                   0x0000041d   Thumb Code     0  startup_tm4c123gh6pm.o(.text)
    WideTimer2B_IRQHandler                   0x0000041d   Thumb Code     0  startup_tm4c123gh6pm.o(.text)
    WideTimer3A_IRQHandler                   0x0000041d   Thumb Code     0  startup_tm4c123gh6pm.o(.text)
    WideTimer3B_IRQHandler                   0x0000041d   Thumb Code     0  startup_tm4c123gh6pm.o(.text)
    WideTimer4A_IRQHandler                   0x0000041d   Thumb Code     0  startup_tm4c123gh6pm.o(.text)
    WideTimer4B_IRQHandler                   0x0000041d   Thumb Code     0  startup_tm4c123gh6pm.o(.text)
    WideTimer5A_IRQHandler                   0x0000041d   Thumb Code     0  startup_tm4c123gh6pm.o(.text)
    WideTimer5B_IRQHandler                   0x0000041d   Thumb Code     0  startup_tm4c123gh6pm.o(.text)
    uDMAError_IRQHandler                     0x0000041d   Thumb Code     0  startup_tm4c123gh6pm.o(.text)
    uDMAST_IRQHandler                        0x0000041d   Thumb Code     0  startup_tm4c123gh6pm.o(.text)
    __user_initial_stackheap                 0x00000425   Thumb Code    10  startup_tm4c123gh6pm.o(.text)
    assert_failed                            0x0000042f   Thumb Code    10  startup_tm4c123gh6pm.o(.text)
    __use_two_region_memory                  0x00000455   Thumb Code     2  heapauxi.o(.text)
    __rt_heap_escrow$2region                 0x00000457   Thumb Code     2  heapauxi.o(.text)
    __rt_heap_expand$2region                 0x00000459   Thumb Code     2  heapauxi.o(.text)
    __user_setup_stackheap                   0x0000045b   Thumb Code    74  sys_stackheap_outer.o(.text)
    exit                                     0x000004a5   Thumb Code    18  exit.o(.text)
    __user_libspace                          0x000004b9   Thumb Code     8  libspace.o(.text)
    __user_perproc_libspace                  0x000004b9   Thumb Code     0  libspace.o(.text)
    __user_perthread_libspace                0x000004b9   Thumb Code     0  libspace.o(.text)
    _sys_exit                                0x000004c1   Thumb Code     8  sys_exit.o(.text)
    __I$use$semihosting                      0x000004cd   Thumb Code     0  use_no_semi.o(.text)
    __use_no_semihosting_swi                 0x000004cd   Thumb Code     2  use_no_semi.o(.text)
    __semihosting_library_function           0x000004cf   Thumb Code     0  indicate_semi.o(.text)
    BSP_init                                 0x000004d1   Thumb Code   152  bsp.o(i.BSP_init)
    BSP_ledBlueToggle                        0x0000057d   Thumb Code    50  bsp.o(i.BSP_ledBlueToggle)
    BSP_ledGreenOff                          0x000005b9   Thumb Code     8  bsp.o(i.BSP_ledGreenOff)
    BSP_ledGreenOn                           0x000005c5   Thumb Code     8  bsp.o(i.BSP_ledGreenOn)
    BSP_sendMorseCode                        0x000005d1   Thumb Code    86  bsp.o(i.BSP_sendMorseCode)
    GPIOPortF_IRQHandler                     0x0000062d   Thumb Code    78  bsp.o(i.GPIOPortF_IRQHandler)
    QActive_ctor                             0x00000689   Thumb Code    28  qf_qact.o(i.QActive_ctor)
    QActive_get_                             0x000006a9   Thumb Code   130  qf_actq.o(i.QActive_get_)
    QActive_postLIFO_                        0x00000731   Thumb Code   172  qf_actq.o(i.QActive_postLIFO_)
    QActive_post_                            0x000007e5   Thumb Code   228  qf_actq.o(i.QActive_post_)
    QActive_start_                           0x000008d1   Thumb Code   160  qxk.o(i.QActive_start_)
    QEQueue_init                             0x00000975   Thumb Code    24  qf_qeq.o(i.QEQueue_init)
    QF_add_                                  0x0000098d   Thumb Code    74  qf_act.o(i.QF_add_)
    QF_bzero                                 0x000009e1   Thumb Code    22  qf_act.o(i.QF_bzero)
    QF_gc                                    0x000009f9   Thumb Code   108  qf_dyn.o(i.QF_gc)
    QF_init                                  0x00000a95   Thumb Code    76  qxk.o(i.QF_init)
    QF_onStartup                             0x00000afd   Thumb Code   114  bsp.o(i.QF_onStartup)
    QF_run                                   0x00000b75   Thumb Code    36  qxk.o(i.QF_run)
    QF_tickX_                                0x00000bd5   Thumb Code   238  qf_time.o(i.QF_tickX_)
    QHsm_ctor                                0x00000ccd   Thumb Code    12  qep_hsm.o(i.QHsm_ctor)
    QHsm_dispatch_                           0x00000ce1   Thumb Code   258  qep_hsm.o(i.QHsm_dispatch_)
    QHsm_init_                               0x00000ded   Thumb Code   168  qep_hsm.o(i.QHsm_init_)
    QHsm_top                                 0x00000ea1   Thumb Code     6  qep_hsm.o(i.QHsm_top)
    QMPool_put                               0x00001005   Thumb Code    88  qf_mem.o(i.QMPool_put)
    QTimeEvt_ctorX                           0x00001139   Thumb Code    52  qf_time.o(i.QTimeEvt_ctorX)
    QXK_activate_                            0x00001171   Thumb Code   242  qxk.o(i.QXK_activate_)
    QXK_init                                 0x0000127d   Thumb Code    94  qxk_port.o(i.QXK_init)
    QXK_onIdle                               0x000012e9   Thumb Code     2  bsp.o(i.QXK_onIdle)
    QXK_sched_                               0x000012ed   Thumb Code   190  qxk.o(i.QXK_sched_)
    QXK_stackInit_                           0x000013bd   Thumb Code   162  qxk_port.o(i.QXK_stackInit_)
    QXK_threadRet_                           0x00001469   Thumb Code   114  qxk_xthr.o(i.QXK_threadRet_)
    QXMutex_init                             0x000014e9   Thumb Code    86  qxk_mutex.o(i.QXMutex_init)
    QXMutex_lock                             0x00001549   Thumb Code   470  qxk_mutex.o(i.QXMutex_lock)
    QXMutex_unlock                           0x0000172d   Thumb Code   366  qxk_mutex.o(i.QXMutex_unlock)
    QXSemaphore_init                         0x000018a9   Thumb Code    30  qxk_sema.o(i.QXSemaphore_init)
    QXSemaphore_signal                       0x000018cd   Thumb Code   184  qxk_sema.o(i.QXSemaphore_signal)
    QXSemaphore_wait                         0x00001991   Thumb Code   284  qxk_sema.o(i.QXSemaphore_wait)
    QXThread_block_                          0x00001ab5   Thumb Code    54  qxk_xthr.o(i.QXThread_block_)
    QXThread_ctor                            0x00001af5   Thumb Code    42  qxk_xthr.o(i.QXThread_ctor)
    QXThread_delay                           0x00001b25   Thumb Code   180  qxk_xthr.o(i.QXThread_delay)
    QXThread_teArm_                          0x00001ded   Thumb Code   110  qxk_xthr.o(i.QXThread_teArm_)
    QXThread_teDisarm_                       0x00001e65   Thumb Code    18  qxk_xthr.o(i.QXThread_teDisarm_)
    QXThread_unblock_                        0x00001e79   Thumb Code    42  qxk_xthr.o(i.QXThread_unblock_)
    Q_onAssert                               0x00001ead   Thumb Code    36  bsp.o(i.Q_onAssert)
    SysTick_Handler                          0x00001ed9   Thumb Code    60  bsp.o(i.SysTick_Handler)
    SystemCoreClockUpdate                    0x00001f19   Thumb Code   184  system_tm4c123gh6pm.o(i.SystemCoreClockUpdate)
    SystemInit                               0x00001fdd   Thumb Code   126  system_tm4c123gh6pm.o(i.SystemInit)
    main                                     0x000021b9   Thumb Code   202  main.o(i.main)
    main_blinky1                             0x000022b1   Thumb Code    18  main.o(i.main_blinky1)
    main_blinky2                             0x000022c9   Thumb Code    40  main.o(i.main_blinky2)
    main_blinky3                             0x000022f5   Thumb Code    22  main.o(i.main_blinky3)
    QP_versionStr                            0x00002320   Data           7  qep_hsm.o(.constdata)
    Region$$Table$$Base                      0x000023cc   Number         0  anon$$obj.o(Region$$Table)
    Region$$Table$$Limit                     0x000023ec   Number         0  anon$$obj.o(Region$$Table)
    SW1_sema                                 0x20000008   Data           8  main.o(.data)
    SystemCoreClock                          0x20000010   Data           4  system_tm4c123gh6pm.o(.data)
    QF_maxPool_                              0x20000014   Data           4  qf_dyn.o(.data)
    QF_subscrList_                           0x20000018   Data           4  qf_ps.o(.data)
    QF_maxPubSignal_                         0x2000001c   Data           4  qf_ps.o(.data)
    stack_blinky1                            0x20000020   Data         160  main.o(.bss)
    blinky1                                  0x200000c0   Data          56  main.o(.bss)
    stack_blinky2                            0x200000f8   Data         160  main.o(.bss)
    blinky2                                  0x20000198   Data          56  main.o(.bss)
    stack_blinky3                            0x200001d0   Data         160  main.o(.bss)
    blinky3                                  0x20000270   Data          56  main.o(.bss)
    stack_idleThread                         0x200002a8   Data         160  main.o(.bss)
    QF_active_                               0x20000348   Data         132  qf_act.o(.bss)
    QF_pool_                                 0x200003cc   Data          60  qf_dyn.o(.bss)
    QF_timeEvtHead_                          0x20000408   Data          32  qf_time.o(.bss)
    QXK_attr_                                0x20000428   Data          20  qxk.o(.bss)
    __libspace_start                         0x20000464   Data          96  libspace.o(.bss)
    __temporary_stack_top$libspace           0x200004c4   Data           0  libspace.o(.bss)



==============================================================================

Memory Map of the image

  Image Entry point : 0x000003d9

  Load Region LR_IROM1 (Base: 0x00000000, Size: 0x0000240c, Max: 0x00040000, ABSOLUTE)

    Execution Region ER_IROM1 (Exec base: 0x00000000, Load base: 0x00000000, Size: 0x000023ec, Max: 0x00040000, ABSOLUTE)

    Exec Addr    Load Addr    Size         Type   Attr      Idx    E Section Name        Object

    0x00000000   0x00000000   0x0000026c   Data   RO          324    RESET               startup_tm4c123gh6pm.o
    0x0000026c   0x0000026c   0x00000008   Code   RO         1232  * !!!main             c_w.l(__main.o)
    0x00000274   0x00000274   0x00000034   Code   RO         1391    !!!scatter          c_w.l(__scatter.o)
    0x000002a8   0x000002a8   0x0000001a   Code   RO         1393    !!handler_copy      c_w.l(__scatter_copy.o)
    0x000002c2   0x000002c2   0x00000002   PAD
    0x000002c4   0x000002c4   0x0000001c   Code   RO         1395    !!handler_zi        c_w.l(__scatter_zi.o)
    0x000002e0   0x000002e0   0x00000002   Code   RO         1259    .ARM.Collect$$libinit$$00000000  c_w.l(libinit.o)
    0x000002e2   0x000002e2   0x00000000   Code   RO         1266    .ARM.Collect$$libinit$$00000002  c_w.l(libinit2.o)
    0x000002e2   0x000002e2   0x00000000   Code   RO         1268    .ARM.Collect$$libinit$$00000004  c_w.l(libinit2.o)
    0x000002e2   0x000002e2   0x00000000   Code   RO         1271    .ARM.Collect$$libinit$$0000000A  c_w.l(libinit2.o)
    0x000002e2   0x000002e2   0x00000000   Code   RO         1273    .ARM.Collect$$libinit$$0000000C  c_w.l(libinit2.o)
    0x000002e2   0x000002e2   0x00000000   Code   RO         1275    .ARM.Collect$$libinit$$0000000E  c_w.l(libinit2.o)
    0x000002e2   0x000002e2   0x00000000   Code   RO         1278    .ARM.Collect$$libinit$$00000011  c_w.l(libinit2.o)
    0x000002e2   0x000002e2   0x00000000   Code   RO         1280    .ARM.Collect$$libinit$$00000013  c_w.l(libinit2.o)
    0x000002e2   0x000002e2   0x00000000   Code   RO         1282    .ARM.Collect$$libinit$$00000015  c_w.l(libinit2.o)
    0x000002e2   0x000002e2   0x00000000   Code   RO         1284    .ARM.Collect$$libinit$$00000017  c_w.l(libinit2.o)
    0x000002e2   0x000002e2   0x00000000   Code   RO         1286    .ARM.Collect$$libinit$$00000019  c_w.l(libinit2.o)
    0x000002e2   0x000002e2   0x00000000   Code   RO         1288    .ARM.Collect$$libinit$$0000001B  c_w.l(libinit2.o)
    0x000002e2   0x000002e2   0x00000000   Code   RO         1290    .ARM.Collect$$libinit$$0000001D  c_w.l(libinit2.o)
    0x000002e2   0x000002e2   0x00000000   Code   RO         1292    .ARM.Collect$$libinit$$0000001F  c_w.l(libinit2.o)
    0x000002e2   0x000002e2   0x00000000   Code   RO         1294    .ARM.Collect$$libinit$$00000021  c_w.l(libinit2.o)
    0x000002e2   0x000002e2   0x00000000   Code   RO         1296    .ARM.Collect$$libinit$$00000023  c_w.l(libinit2.o)
    0x000002e2   0x000002e2   0x00000000   Code   RO         1298    .ARM.Collect$$libinit$$00000025  c_w.l(libinit2.o)
    0x000002e2   0x000002e2   0x00000000   Code   RO         1302    .ARM.Collect$$libinit$$0000002C  c_w.l(libinit2.o)
    0x000002e2   0x000002e2   0x00000000   Code   RO         1304    .ARM.Collect$$libinit$$0000002E  c_w.l(libinit2.o)
    0x000002e2   0x000002e2   0x00000000   Code   RO         1306    .ARM.Collect$$libinit$$00000030  c_w.l(libinit2.o)
    0x000002e2   0x000002e2   0x00000000   Code   RO         1308    .ARM.Collect$$libinit$$00000032  c_w.l(libinit2.o)
    0x000002e2   0x000002e2   0x00000002   Code   RO         1309    .ARM.Collect$$libinit$$00000033  c_w.l(libinit2.o)
    0x000002e4   0x000002e4   0x00000002   Code   RO         1329    .ARM.Collect$$libshutdown$$00000000  c_w.l(libshutdown.o)
    0x000002e6   0x000002e6   0x00000000   Code   RO         1342    .ARM.Collect$$libshutdown$$00000002  c_w.l(libshutdown2.o)
    0x000002e6   0x000002e6   0x00000000   Code   RO         1344    .ARM.Collect$$libshutdown$$00000004  c_w.l(libshutdown2.o)
    0x000002e6   0x000002e6   0x00000000   Code   RO         1346    .ARM.Collect$$libshutdown$$00000006  c_w.l(libshutdown2.o)
    0x000002e6   0x000002e6   0x00000000   Code   RO         1349    .ARM.Collect$$libshutdown$$00000009  c_w.l(libshutdown2.o)
    0x000002e6   0x000002e6   0x00000000   Code   RO         1352    .ARM.Collect$$libshutdown$$0000000C  c_w.l(libshutdown2.o)
    0x000002e6   0x000002e6   0x00000000   Code   RO         1354    .ARM.Collect$$libshutdown$$0000000E  c_w.l(libshutdown2.o)
    0x000002e6   0x000002e6   0x00000000   Code   RO         1357    .ARM.Collect$$libshutdown$$00000011  c_w.l(libshutdown2.o)
    0x000002e6   0x000002e6   0x00000002   Code   RO         1358    .ARM.Collect$$libshutdown$$00000012  c_w.l(libshutdown2.o)
    0x000002e8   0x000002e8   0x00000000   Code   RO         1234    .ARM.Collect$$rtentry$$00000000  c_w.l(__rtentry.o)
    0x000002e8   0x000002e8   0x00000000   Code   RO         1236    .ARM.Collect$$rtentry$$00000002  c_w.l(__rtentry2.o)
    0x000002e8   0x000002e8   0x00000006   Code   RO         1248    .ARM.Collect$$rtentry$$00000004  c_w.l(__rtentry4.o)
    0x000002ee   0x000002ee   0x00000000   Code   RO         1238    .ARM.Collect$$rtentry$$00000009  c_w.l(__rtentry2.o)
    0x000002ee   0x000002ee   0x00000004   Code   RO         1239    .ARM.Collect$$rtentry$$0000000A  c_w.l(__rtentry2.o)
    0x000002f2   0x000002f2   0x00000000   Code   RO         1241    .ARM.Collect$$rtentry$$0000000C  c_w.l(__rtentry2.o)
    0x000002f2   0x000002f2   0x00000008   Code   RO         1242    .ARM.Collect$$rtentry$$0000000D  c_w.l(__rtentry2.o)
    0x000002fa   0x000002fa   0x00000002   Code   RO         1263    .ARM.Collect$$rtexit$$00000000  c_w.l(rtexit.o)
    0x000002fc   0x000002fc   0x00000000   Code   RO         1311    .ARM.Collect$$rtexit$$00000002  c_w.l(rtexit2.o)
    0x000002fc   0x000002fc   0x00000004   Code   RO         1312    .ARM.Collect$$rtexit$$00000003  c_w.l(rtexit2.o)
    0x00000300   0x00000300   0x00000006   Code   RO         1313    .ARM.Collect$$rtexit$$00000004  c_w.l(rtexit2.o)
    0x00000306   0x00000306   0x00000002   PAD
    0x00000308   0x00000308   0x000000d0   Code   RO         1206    .emb_text           qxk_port.o
    0x000003d8   0x000003d8   0x0000007c   Code   RO          325  * .text               startup_tm4c123gh6pm.o
    0x00000454   0x00000454   0x00000006   Code   RO         1230    .text               c_w.l(heapauxi.o)
    0x0000045a   0x0000045a   0x0000004a   Code   RO         1250    .text               c_w.l(sys_stackheap_outer.o)
    0x000004a4   0x000004a4   0x00000012   Code   RO         1252    .text               c_w.l(exit.o)
    0x000004b6   0x000004b6   0x00000002   PAD
    0x000004b8   0x000004b8   0x00000008   Code   RO         1260    .text               c_w.l(libspace.o)
    0x000004c0   0x000004c0   0x0000000c   Code   RO         1321    .text               c_w.l(sys_exit.o)
    0x000004cc   0x000004cc   0x00000002   Code   RO         1332    .text               c_w.l(use_no_semi.o)
    0x000004ce   0x000004ce   0x00000000   Code   RO         1334    .text               c_w.l(indicate_semi.o)
    0x000004ce   0x000004ce   0x00000002   PAD
    0x000004d0   0x000004d0   0x000000ac   Code   RO            4    i.BSP_init          bsp.o
    0x0000057c   0x0000057c   0x0000003c   Code   RO            7    i.BSP_ledBlueToggle  bsp.o
    0x000005b8   0x000005b8   0x0000000c   Code   RO            8    i.BSP_ledGreenOff   bsp.o
    0x000005c4   0x000005c4   0x0000000c   Code   RO            9    i.BSP_ledGreenOn    bsp.o
    0x000005d0   0x000005d0   0x0000005c   Code   RO           13    i.BSP_sendMorseCode  bsp.o
    0x0000062c   0x0000062c   0x0000005c   Code   RO           14    i.GPIOPortF_IRQHandler  bsp.o
    0x00000688   0x00000688   0x00000020   Code   RO          780    i.QActive_ctor      qf_qact.o
    0x000006a8   0x000006a8   0x00000088   Code   RO          514    i.QActive_get_      qf_actq.o
    0x00000730   0x00000730   0x000000b4   Code   RO          515    i.QActive_postLIFO_  qf_actq.o
    0x000007e4   0x000007e4   0x000000ec   Code   RO          516    i.QActive_post_     qf_actq.o
    0x000008d0   0x000008d0   0x000000a4   Code   RO          918    i.QActive_start_    qxk.o
    0x00000974   0x00000974   0x00000018   Code   RO          797    i.QEQueue_init      qf_qeq.o
    0x0000098c   0x0000098c   0x00000054   Code   RO          448    i.QF_add_           qf_act.o
    0x000009e0   0x000009e0   0x00000016   Code   RO          449    i.QF_bzero          qf_act.o
    0x000009f6   0x000009f6   0x00000002   PAD
    0x000009f8   0x000009f8   0x00000078   Code   RO          634    i.QF_gc             qf_dyn.o
    0x00000a70   0x00000a70   0x00000006   Code   RO          518    i.QF_get_BASEPRI    qf_actq.o
    0x00000a76   0x00000a76   0x00000006   Code   RO          846    i.QF_get_BASEPRI    qf_time.o
    0x00000a7c   0x00000a7c   0x00000006   Code   RO          919    i.QF_get_BASEPRI    qxk.o
    0x00000a82   0x00000a82   0x00000006   Code   RO         1003    i.QF_get_BASEPRI    qxk_mutex.o
    0x00000a88   0x00000a88   0x00000006   Code   RO         1045    i.QF_get_BASEPRI    qxk_sema.o
    0x00000a8e   0x00000a8e   0x00000006   Code   RO         1104    i.QF_get_BASEPRI    qxk_xthr.o
    0x00000a94   0x00000a94   0x00000068   Code   RO          920    i.QF_init           qxk.o
    0x00000afc   0x00000afc   0x00000078   Code   RO           16    i.QF_onStartup      bsp.o
    0x00000b74   0x00000b74   0x00000024   Code   RO          921    i.QF_run            qxk.o
    0x00000b98   0x00000b98   0x00000006   Code   RO           17    i.QF_set_BASEPRI    bsp.o
    0x00000b9e   0x00000b9e   0x00000006   Code   RO          451    i.QF_set_BASEPRI    qf_act.o
    0x00000ba4   0x00000ba4   0x00000006   Code   RO          519    i.QF_set_BASEPRI    qf_actq.o
    0x00000baa   0x00000baa   0x00000006   Code   RO          639    i.QF_set_BASEPRI    qf_dyn.o
    0x00000bb0   0x00000bb0   0x00000006   Code   RO          690    i.QF_set_BASEPRI    qf_mem.o
    0x00000bb6   0x00000bb6   0x00000006   Code   RO          848    i.QF_set_BASEPRI    qf_time.o
    0x00000bbc   0x00000bbc   0x00000006   Code   RO          922    i.QF_set_BASEPRI    qxk.o
    0x00000bc2   0x00000bc2   0x00000006   Code   RO         1004    i.QF_set_BASEPRI    qxk_mutex.o
    0x00000bc8   0x00000bc8   0x00000006   Code   RO         1046    i.QF_set_BASEPRI    qxk_sema.o
    0x00000bce   0x00000bce   0x00000006   Code   RO         1105    i.QF_set_BASEPRI    qxk_xthr.o
    0x00000bd4   0x00000bd4   0x000000f8   Code   RO          849    i.QF_tickX_         qf_time.o
    0x00000ccc   0x00000ccc   0x00000014   Code   RO          330    i.QHsm_ctor         qep_hsm.o
    0x00000ce0   0x00000ce0   0x0000010c   Code   RO          331    i.QHsm_dispatch_    qep_hsm.o
    0x00000dec   0x00000dec   0x000000b4   Code   RO          332    i.QHsm_init_        qep_hsm.o
    0x00000ea0   0x00000ea0   0x00000006   Code   RO          334    i.QHsm_top          qep_hsm.o
    0x00000ea6   0x00000ea6   0x00000002   PAD
    0x00000ea8   0x00000ea8   0x0000015c   Code   RO          335    i.QHsm_tran_        qep_hsm.o
    0x00001004   0x00001004   0x0000005c   Code   RO          693    i.QMPool_put        qf_mem.o
    0x00001060   0x00001060   0x00000040   Code   RO          521    i.QTicker_dispatch_  qf_actq.o
    0x000010a0   0x000010a0   0x00000006   Code   RO          522    i.QTicker_init_     qf_actq.o
    0x000010a6   0x000010a6   0x00000002   PAD
    0x000010a8   0x000010a8   0x00000010   Code   RO          523    i.QTicker_postLIFO_  qf_actq.o
    0x000010b8   0x000010b8   0x00000080   Code   RO          524    i.QTicker_post_     qf_actq.o
    0x00001138   0x00001138   0x00000038   Code   RO          851    i.QTimeEvt_ctorX    qf_time.o
    0x00001170   0x00001170   0x00000104   Code   RO          924    i.QXK_activate_     qxk.o
    0x00001274   0x00001274   0x00000006   Code   RO         1106    i.QXK_get_IPSR      qxk_xthr.o
    0x0000127a   0x0000127a   0x00000002   PAD
    0x0000127c   0x0000127c   0x0000006c   Code   RO         1207    i.QXK_init          qxk_port.o
    0x000012e8   0x000012e8   0x00000002   Code   RO           18    i.QXK_onIdle        bsp.o
    0x000012ea   0x000012ea   0x00000002   PAD
    0x000012ec   0x000012ec   0x000000d0   Code   RO          928    i.QXK_sched_        qxk.o
    0x000013bc   0x000013bc   0x000000ac   Code   RO         1208    i.QXK_stackInit_    qxk_port.o
    0x00001468   0x00001468   0x00000080   Code   RO         1107    i.QXK_threadRet_    qxk_xthr.o
    0x000014e8   0x000014e8   0x00000060   Code   RO         1005    i.QXMutex_init      qxk_mutex.o
    0x00001548   0x00001548   0x000001e4   Code   RO         1006    i.QXMutex_lock      qxk_mutex.o
    0x0000172c   0x0000172c   0x0000017c   Code   RO         1008    i.QXMutex_unlock    qxk_mutex.o
    0x000018a8   0x000018a8   0x00000024   Code   RO         1047    i.QXSemaphore_init  qxk_sema.o
    0x000018cc   0x000018cc   0x000000c4   Code   RO         1048    i.QXSemaphore_signal  qxk_sema.o
    0x00001990   0x00001990   0x00000124   Code   RO         1050    i.QXSemaphore_wait  qxk_sema.o
    0x00001ab4   0x00001ab4   0x00000040   Code   RO         1108    i.QXThread_block_   qxk_xthr.o
    0x00001af4   0x00001af4   0x00000030   Code   RO         1109    i.QXThread_ctor     qxk_xthr.o
    0x00001b24   0x00001b24   0x000000bc   Code   RO         1110    i.QXThread_delay    qxk_xthr.o
    0x00001be0   0x00001be0   0x0000000c   Code   RO         1112    i.QXThread_dispatch_  qxk_xthr.o
    0x00001bec   0x00001bec   0x0000000c   Code   RO         1113    i.QXThread_init_    qxk_xthr.o
    0x00001bf8   0x00001bf8   0x00000010   Code   RO         1114    i.QXThread_postLIFO_  qxk_xthr.o
    0x00001c08   0x00001c08   0x0000013c   Code   RO         1115    i.QXThread_post_    qxk_xthr.o
    0x00001d44   0x00001d44   0x000000a8   Code   RO         1117    i.QXThread_start_   qxk_xthr.o
    0x00001dec   0x00001dec   0x00000078   Code   RO         1118    i.QXThread_teArm_   qxk_xthr.o
    0x00001e64   0x00001e64   0x00000012   Code   RO         1119    i.QXThread_teDisarm_  qxk_xthr.o
    0x00001e76   0x00001e76   0x00000002   PAD
    0x00001e78   0x00001e78   0x00000034   Code   RO         1120    i.QXThread_unblock_  qxk_xthr.o
    0x00001eac   0x00001eac   0x0000002c   Code   RO           19    i.Q_onAssert        bsp.o
    0x00001ed8   0x00001ed8   0x00000040   Code   RO           20    i.SysTick_Handler   bsp.o
    0x00001f18   0x00001f18   0x000000c4   Code   RO          265    i.SystemCoreClockUpdate  system_tm4c123gh6pm.o
    0x00001fdc   0x00001fdc   0x000000a4   Code   RO          266    i.SystemInit        system_tm4c123gh6pm.o
    0x00002080   0x00002080   0x00000028   Code   RO           21    i.__NVIC_SetPriority  bsp.o
    0x000020a8   0x000020a8   0x000000f8   Code   RO          267    i.getOscClk         system_tm4c123gh6pm.o
    0x000021a0   0x000021a0   0x00000018   Code   RO          929    i.initial_events    qxk.o
    0x000021b8   0x000021b8   0x000000f8   Code   RO          208    i.main              main.o
    0x000022b0   0x000022b0   0x00000018   Code   RO          209    i.main_blinky1      main.o
    0x000022c8   0x000022c8   0x0000002c   Code   RO          210    i.main_blinky2      main.o
    0x000022f4   0x000022f4   0x0000001c   Code   RO          211    i.main_blinky3      main.o
    0x00002310   0x00002310   0x00000007   Data   RO          213    .constdata          main.o
    0x00002317   0x00002317   0x00000001   PAD
    0x00002318   0x00002318   0x00000028   Data   RO          336    .constdata          qep_hsm.o
    0x00002340   0x00002340   0x00000007   Data   RO          453    .constdata          qf_act.o
    0x00002347   0x00002347   0x00000001   PAD
    0x00002348   0x00002348   0x00000020   Data   RO          525    .constdata          qf_actq.o
    0x00002368   0x00002368   0x00000007   Data   RO          641    .constdata          qf_dyn.o
    0x0000236f   0x0000236f   0x00000007   Data   RO          694    .constdata          qf_mem.o
    0x00002376   0x00002376   0x00000002   PAD
    0x00002378   0x00002378   0x00000014   Data   RO          781    .constdata          qf_qact.o
    0x0000238c   0x0000238c   0x00000008   Data   RO          857    .constdata          qf_time.o
    0x00002394   0x00002394   0x00000004   Data   RO          931    .constdata          qxk.o
    0x00002398   0x00002398   0x0000000a   Data   RO         1009    .constdata          qxk_mutex.o
    0x000023a2   0x000023a2   0x00000009   Data   RO         1051    .constdata          qxk_sema.o
    0x000023ab   0x000023ab   0x00000001   PAD
    0x000023ac   0x000023ac   0x00000020   Data   RO         1121    .constdata          qxk_xthr.o
    0x000023cc   0x000023cc   0x00000020   Data   RO         1389    Region$$Table       anon$$obj.o


    Execution Region RW_IRAM1 (Exec base: 0x20000000, Load base: 0x000023ec, Size: 0x000008c8, Max: 0x00008000, ABSOLUTE)

    Exec Addr    Load Addr    Size         Type   Attr      Idx    E Section Name        Object

    0x20000000   0x000023ec   0x00000008   Data   RW           22    .data               bsp.o
    0x20000008   0x000023f4   0x00000008   Data   RW          214    .data               main.o
    0x20000010   0x000023fc   0x00000004   Data   RW          268    .data               system_tm4c123gh6pm.o
    0x20000014   0x00002400   0x00000004   Data   RW          642    .data               qf_dyn.o
    0x20000018   0x00002404   0x00000008   Data   RW          734    .data               qf_ps.o
    0x20000020        -       0x00000328   Zero   RW          212    .bss                main.o
    0x20000348        -       0x00000084   Zero   RW          452    .bss                qf_act.o
    0x200003cc        -       0x0000003c   Zero   RW          640    .bss                qf_dyn.o
    0x20000408        -       0x00000020   Zero   RW          856    .bss                qf_time.o
    0x20000428        -       0x0000003c   Zero   RW          930    .bss                qxk.o
    0x20000464        -       0x00000060   Zero   RW         1261    .bss                c_w.l(libspace.o)
    0x200004c4   0x0000240c   0x00000004   PAD
    0x200004c8        -       0x00000000   Zero   RW          323    HEAP                startup_tm4c123gh6pm.o
    0x200004c8        -       0x00000400   Zero   RW          322    STACK               startup_tm4c123gh6pm.o


==============================================================================

Image component sizes


      Code (inc. data)   RO Data    RW Data    ZI Data      Debug   Object Name

       716         84          0          8          0      72352   bsp.o
       344         62          7          8        808       2798   main.o
       822         40         40          0          0       8429   qep_hsm.o
       112         10          7          0        132      12030   qf_act.o
       778         36         32          0          0      16102   qf_actq.o
       126         12          7          4         60       1879   qf_dyn.o
        98          4          7          0          0       1785   qf_mem.o
         0          0          0          8          0        726   qf_ps.o
        32          4         20          0          0        891   qf_qact.o
        24          0          0          0          0        967   qf_qeq.o
       316         14          8          0         32       2975   qf_time.o
       808         72          4          0         60       6601   qxk.o
       972         38         10          0          0       3999   qxk_mutex.o
       488         48          0          0          0       2484   qxk_port.o
       536         26          9          0          0       4595   qxk_sema.o
      1160         92         32          0          0       9271   qxk_xthr.o
       124         28        620          0       1024        972   startup_tm4c123gh6pm.o
       608        140          0          4          0       3611   system_tm4c123gh6pm.o

    ----------------------------------------------------------------------
      8076        710        840         32       2116     152467   Object Totals
         0          0         32          0          0          0   (incl. Generated)
        12          0          5          0          0          0   (incl. Padding)

    ----------------------------------------------------------------------

      Code (inc. data)   RO Data    RW Data    ZI Data      Debug   Library Member Name

         8          0          0          0          0         68   __main.o
         0          0          0          0          0          0   __rtentry.o
        12          0          0          0          0          0   __rtentry2.o
         6          0          0          0          0          0   __rtentry4.o
        52          8          0          0          0          0   __scatter.o
        26          0          0          0          0          0   __scatter_copy.o
        28          0          0          0          0          0   __scatter_zi.o
        18          0          0          0          0         80   exit.o
         6          0          0          0          0        152   heapauxi.o
         0          0          0          0          0          0   indicate_semi.o
         2          0          0          0          0          0   libinit.o
         2          0          0          0          0          0   libinit2.o
         2          0          0          0          0          0   libshutdown.o
         2          0          0          0          0          0   libshutdown2.o
         8          4          0          0         96         68   libspace.o
         2          0          0          0          0          0   rtexit.o
        10          0          0          0          0          0   rtexit2.o
        12          4          0          0          0         68   sys_exit.o
        74          0          0          0          0         80   sys_stackheap_outer.o
         2          0          0          0          0         68   use_no_semi.o

    ----------------------------------------------------------------------
       280         16          0          0        100        584   Library Totals
         8          0          0          0          4          0   (incl. Padding)

    ----------------------------------------------------------------------

      Code (inc. data)   RO Data    RW Data    ZI Data      Debug   Library Name

       272         16          0          0         96        584   c_w.l

    ----------------------------------------------------------------------
       280         16          0          0        100        584   Library Totals

    ----------------------------------------------------------------------

==============================================================================


      Code (inc. data)   RO Data    RW Data    ZI Data      Debug   

      8356        726        840         32       2216     148887   Grand Totals
      8356        726        840         32       2216     148887   ELF Image Totals
      8356        726        840         32          0          0   ROM Totals

==============================================================================

    Total RO  Size (Code + RO Data)                 9196 (   8.98kB)
    Total RW  Size (RW Data + ZI Data)              2248 (   2.20kB)
    Total ROM Size (Code + RO Data + RW Data)       9228 (   9.01kB)

==============================================================================

